Archive member included to satisfy reference by file (symbol)

C:/ST/STM32CubeIDE_2.2.0/STM32CubeIDE/plugins/com.st.stm32cube.ide.mcu.externaltools.gnu-tools-for-stm32.14.3.rel1.win32_1.0.100.202602081740/tools/bin/../lib/gcc/arm-none-eabi/14.3.1/../../../../arm-none-eabi/lib/thumb/v6-m/nofp\libc_nano.a(libc_a-exit.o)
                              C:/ST/STM32CubeIDE_2.2.0/STM32CubeIDE/plugins/com.st.stm32cube.ide.mcu.externaltools.gnu-tools-for-stm32.14.3.rel1.win32_1.0.100.202602081740/tools/bin/../lib/gcc/arm-none-eabi/14.3.1/../../../../arm-none-eabi/lib/thumb/v6-m/nofp/crt0.o (exit)
C:/ST/STM32CubeIDE_2.2.0/STM32CubeIDE/plugins/com.st.stm32cube.ide.mcu.externaltools.gnu-tools-for-stm32.14.3.rel1.win32_1.0.100.202602081740/tools/bin/../lib/gcc/arm-none-eabi/14.3.1/../../../../arm-none-eabi/lib/thumb/v6-m/nofp\libc_nano.a(libc_a-strtoul.o)
                              ./Core/Src/main.o (strtoul)
C:/ST/STM32CubeIDE_2.2.0/STM32CubeIDE/plugins/com.st.stm32cube.ide.mcu.externaltools.gnu-tools-for-stm32.14.3.rel1.win32_1.0.100.202602081740/tools/bin/../lib/gcc/arm-none-eabi/14.3.1/../../../../arm-none-eabi/lib/thumb/v6-m/nofp\libc_nano.a(libc_a-ctype_.o)
                              C:/ST/STM32CubeIDE_2.2.0/STM32CubeIDE/plugins/com.st.stm32cube.ide.mcu.externaltools.gnu-tools-for-stm32.14.3.rel1.win32_1.0.100.202602081740/tools/bin/../lib/gcc/arm-none-eabi/14.3.1/../../../../arm-none-eabi/lib/thumb/v6-m/nofp\libc_nano.a(libc_a-strtoul.o) (_ctype_)
C:/ST/STM32CubeIDE_2.2.0/STM32CubeIDE/plugins/com.st.stm32cube.ide.mcu.externaltools.gnu-tools-for-stm32.14.3.rel1.win32_1.0.100.202602081740/tools/bin/../lib/gcc/arm-none-eabi/14.3.1/../../../../arm-none-eabi/lib/thumb/v6-m/nofp\libc_nano.a(libc_a-findfp.o)
                              C:/ST/STM32CubeIDE_2.2.0/STM32CubeIDE/plugins/com.st.stm32cube.ide.mcu.externaltools.gnu-tools-for-stm32.14.3.rel1.win32_1.0.100.202602081740/tools/bin/../lib/gcc/arm-none-eabi/14.3.1/../../../../arm-none-eabi/lib/thumb/v6-m/nofp\libc_nano.a(libc_a-exit.o) (__stdio_exit_handler)
C:/ST/STM32CubeIDE_2.2.0/STM32CubeIDE/plugins/com.st.stm32cube.ide.mcu.externaltools.gnu-tools-for-stm32.14.3.rel1.win32_1.0.100.202602081740/tools/bin/../lib/gcc/arm-none-eabi/14.3.1/../../../../arm-none-eabi/lib/thumb/v6-m/nofp\libc_nano.a(libc_a-fwalk.o)
                              C:/ST/STM32CubeIDE_2.2.0/STM32CubeIDE/plugins/com.st.stm32cube.ide.mcu.externaltools.gnu-tools-for-stm32.14.3.rel1.win32_1.0.100.202602081740/tools/bin/../lib/gcc/arm-none-eabi/14.3.1/../../../../arm-none-eabi/lib/thumb/v6-m/nofp\libc_nano.a(libc_a-findfp.o) (_fwalk_sglue)
C:/ST/STM32CubeIDE_2.2.0/STM32CubeIDE/plugins/com.st.stm32cube.ide.mcu.externaltools.gnu-tools-for-stm32.14.3.rel1.win32_1.0.100.202602081740/tools/bin/../lib/gcc/arm-none-eabi/14.3.1/../../../../arm-none-eabi/lib/thumb/v6-m/nofp\libc_nano.a(libc_a-snprintf.o)
                              ./Core/Src/main.o (snprintf)
C:/ST/STM32CubeIDE_2.2.0/STM32CubeIDE/plugins/com.st.stm32cube.ide.mcu.externaltools.gnu-tools-for-stm32.14.3.rel1.win32_1.0.100.202602081740/tools/bin/../lib/gcc/arm-none-eabi/14.3.1/../../../../arm-none-eabi/lib/thumb/v6-m/nofp\libc_nano.a(libc_a-stdio.o)
                              C:/ST/STM32CubeIDE_2.2.0/STM32CubeIDE/plugins/com.st.stm32cube.ide.mcu.externaltools.gnu-tools-for-stm32.14.3.rel1.win32_1.0.100.202602081740/tools/bin/../lib/gcc/arm-none-eabi/14.3.1/../../../../arm-none-eabi/lib/thumb/v6-m/nofp\libc_nano.a(libc_a-findfp.o) (__sread)
C:/ST/STM32CubeIDE_2.2.0/STM32CubeIDE/plugins/com.st.stm32cube.ide.mcu.externaltools.gnu-tools-for-stm32.14.3.rel1.win32_1.0.100.202602081740/tools/bin/../lib/gcc/arm-none-eabi/14.3.1/../../../../arm-none-eabi/lib/thumb/v6-m/nofp\libc_nano.a(libc_a-memset.o)
                              C:/ST/STM32CubeIDE_2.2.0/STM32CubeIDE/plugins/com.st.stm32cube.ide.mcu.externaltools.gnu-tools-for-stm32.14.3.rel1.win32_1.0.100.202602081740/tools/bin/../lib/gcc/arm-none-eabi/14.3.1/../../../../arm-none-eabi/lib/thumb/v6-m/nofp/crt0.o (memset)
C:/ST/STM32CubeIDE_2.2.0/STM32CubeIDE/plugins/com.st.stm32cube.ide.mcu.externaltools.gnu-tools-for-stm32.14.3.rel1.win32_1.0.100.202602081740/tools/bin/../lib/gcc/arm-none-eabi/14.3.1/../../../../arm-none-eabi/lib/thumb/v6-m/nofp\libc_nano.a(libc_a-strncmp.o)
                              ./Core/Src/main.o (strncmp)
C:/ST/STM32CubeIDE_2.2.0/STM32CubeIDE/plugins/com.st.stm32cube.ide.mcu.externaltools.gnu-tools-for-stm32.14.3.rel1.win32_1.0.100.202602081740/tools/bin/../lib/gcc/arm-none-eabi/14.3.1/../../../../arm-none-eabi/lib/thumb/v6-m/nofp\libc_nano.a(libc_a-closer.o)
                              C:/ST/STM32CubeIDE_2.2.0/STM32CubeIDE/plugins/com.st.stm32cube.ide.mcu.externaltools.gnu-tools-for-stm32.14.3.rel1.win32_1.0.100.202602081740/tools/bin/../lib/gcc/arm-none-eabi/14.3.1/../../../../arm-none-eabi/lib/thumb/v6-m/nofp\libc_nano.a(libc_a-stdio.o) (_close_r)
[...]
Memory Configuration

Name             Origin             Length             Attributes
RAM              0x20000000         0x00004000         xrw
FLASH            0x08000000         0x00020000         xr
*default*        0x00000000         0xffffffff

Linker script and memory map

LOAD C:/ST/STM32CubeIDE_2.2.0/STM32CubeIDE/plugins/com.st.stm32cube.ide.mcu.externaltools.gnu-tools-for-stm32.14.3.rel1.win32_1.0.100.202602081740/tools/bin/../lib/gcc/arm-none-eabi/14.3.1/thumb/v6-m/nofp/crti.o
LOAD C:/ST/STM32CubeIDE_2.2.0/STM32CubeIDE/plugins/com.st.stm32cube.ide.mcu.externaltools.gnu-tools-for-stm32.14.3.rel1.win32_1.0.100.202602081740/tools/bin/../lib/gcc/arm-none-eabi/14.3.1/thumb/v6-m/nofp/crtbegin.o
LOAD C:/ST/STM32CubeIDE_2.2.0/STM32CubeIDE/plugins/com.st.stm32cube.ide.mcu.externaltools.gnu-tools-for-stm32.14.3.rel1.win32_1.0.100.202602081740/tools/bin/../lib/gcc/arm-none-eabi/14.3.1/../../../../arm-none-eabi/lib/thumb/v6-m/nofp/crt0.o
LOAD ./Core/Src/bme280.o
LOAD ./Core/Src/bme280_app.o
LOAD ./Core/Src/main.o
LOAD ./Core/Src/stm32f0xx_hal_msp.o
LOAD ./Core/Src/stm32f0xx_it.o
LOAD ./Core/Src/syscalls.o
LOAD ./Core/Src/sysmem.o
LOAD ./Core/Src/system_stm32f0xx.o
LOAD ./Core/Src/usb_device.o
LOAD ./Core/Src/usbd_cdc.o
LOAD ./Core/Src/usbd_cdc_if.o
LOAD ./Core/Src/usbd_conf.o
LOAD ./Core/Src/usbd_core.o
LOAD ./Core/Src/usbd_ctlreq.o
LOAD ./Core/Src/usbd_desc.o
LOAD ./Core/Src/usbd_ioreq.o
LOAD ./Core/Startup/startup_stm32f072cbtx.o
LOAD ./Drivers/STM32F0xx_HAL_Driver/Src/stm32f0xx_hal.o
LOAD ./Drivers/STM32F0xx_HAL_Driver/Src/stm32f0xx_hal_adc.o
LOAD ./Drivers/STM32F0xx_HAL_Driver/Src/stm32f0xx_hal_adc_ex.o
LOAD ./Drivers/STM32F0xx_HAL_Driver/Src/stm32f0xx_hal_cortex.o
LOAD ./Drivers/STM32F0xx_HAL_Driver/Src/stm32f0xx_hal_dma.o
LOAD ./Drivers/STM32F0xx_HAL_Driver/Src/stm32f0xx_hal_exti.o
LOAD ./Drivers/STM32F0xx_HAL_Driver/Src/stm32f0xx_hal_flash.o
LOAD ./Drivers/STM32F0xx_HAL_Driver/Src/stm32f0xx_hal_flash_ex.o
LOAD ./Drivers/STM32F0xx_HAL_Driver/Src/stm32f0xx_hal_gpio.o
LOAD ./Drivers/STM32F0xx_HAL_Driver/Src/stm32f0xx_hal_i2c.o
LOAD ./Drivers/STM32F0xx_HAL_Driver/Src/stm32f0xx_hal_i2c_ex.o
LOAD ./Drivers/STM32F0xx_HAL_Driver/Src/stm32f0xx_hal_pcd.o
LOAD ./Drivers/STM32F0xx_HAL_Driver/Src/stm32f0xx_hal_pcd_ex.o
LOAD ./Drivers/STM32F0xx_HAL_Driver/Src/stm32f0xx_hal_pwr.o
LOAD ./Drivers/STM32F0xx_HAL_Driver/Src/stm32f0xx_hal_pwr_ex.o
LOAD ./Drivers/STM32F0xx_HAL_Driver/Src/stm32f0xx_hal_rcc.o
LOAD ./Drivers/STM32F0xx_HAL_Driver/Src/stm32f0xx_hal_rcc_ex.o
LOAD ./Drivers/STM32F0xx_HAL_Driver/Src/stm32f0xx_ll_usb.o
START GROUP
LOAD C:/ST/STM32CubeIDE_2.2.0/STM32CubeIDE/plugins/com.st.stm32cube.ide.mcu.externaltools.gnu-tools-for-stm32.14.3.rel1.win32_1.0.100.202602081740/tools/bin/../lib/gcc/arm-none-eabi/14.3.1/../../../../arm-none-eabi/lib/thumb/v6-m/nofp\libc_nano.a
LOAD C:/ST/STM32CubeIDE_2.2.0/STM32CubeIDE/plugins/com.st.stm32cube.ide.mcu.externaltools.gnu-tools-for-stm32.14.3.rel1.win32_1.0.100.202602081740/tools/bin/../lib/gcc/arm-none-eabi/14.3.1/../../../../arm-none-eabi/lib/thumb/v6-m/nofp\libm.a
END GROUP
START GROUP
LOAD C:/ST/STM32CubeIDE_2.2.0/STM32CubeIDE/plugins/com.st.stm32cube.ide.mcu.externaltools.gnu-tools-for-stm32.14.3.rel1.win32_1.0.100.202602081740/tools/bin/../lib/gcc/arm-none-eabi/14.3.1/thumb/v6-m/nofp\libgcc.a
LOAD C:/ST/STM32CubeIDE_2.2.0/STM32CubeIDE/plugins/com.st.stm32cube.ide.mcu.externaltools.gnu-tools-for-stm32.14.3.rel1.win32_1.0.100.202602081740/tools/bin/../lib/gcc/arm-none-eabi/14.3.1/../../../../arm-none-eabi/lib/thumb/v6-m/nofp\libc_nano.a
END GROUP
START GROUP
LOAD C:/ST/STM32CubeIDE_2.2.0/STM32CubeIDE/plugins/com.st.stm32cube.ide.mcu.externaltools.gnu-tools-for-stm32.14.3.rel1.win32_1.0.100.202602081740/tools/bin/../lib/gcc/arm-none-eabi/14.3.1/thumb/v6-m/nofp\libgcc.a
LOAD C:/ST/STM32CubeIDE_2.2.0/STM32CubeIDE/plugins/com.st.stm32cube.ide.mcu.externaltools.gnu-tools-for-stm32.14.3.rel1.win32_1.0.100.202602081740/tools/bin/../lib/gcc/arm-none-eabi/14.3.1/../../../../arm-none-eabi/lib/thumb/v6-m/nofp\libc_nano.a
LOAD C:/ST/STM32CubeIDE_2.2.0/STM32CubeIDE/plugins/com.st.stm32cube.ide.mcu.externaltools.gnu-tools-for-stm32.14.3.rel1.win32_1.0.100.202602081740/tools/bin/../lib/gcc/arm-none-eabi/14.3.1/../../../../arm-none-eabi/lib/thumb/v6-m/nofp\libnosys.a
END GROUP
START GROUP
LOAD C:/ST/STM32CubeIDE_2.2.0/STM32CubeIDE/plugins/com.st.stm32cube.ide.mcu.externaltools.gnu-tools-for-stm32.14.3.rel1.win32_1.0.100.202602081740/tools/bin/../lib/gcc/arm-none-eabi/14.3.1/thumb/v6-m/nofp\libgcc.a
LOAD C:/ST/STM32CubeIDE_2.2.0/STM32CubeIDE/plugins/com.st.stm32cube.ide.mcu.externaltools.gnu-tools-for-stm32.14.3.rel1.win32_1.0.100.202602081740/tools/bin/../lib/gcc/arm-none-eabi/14.3.1/../../../../arm-none-eabi/lib/thumb/v6-m/nofp\libc_nano.a
LOAD C:/ST/STM32CubeIDE_2.2.0/STM32CubeIDE/plugins/com.st.stm32cube.ide.mcu.externaltools.gnu-tools-for-stm32.14.3.rel1.win32_1.0.100.202602081740/tools/bin/../lib/gcc/arm-none-eabi/14.3.1/../../../../arm-none-eabi/lib/thumb/v6-m/nofp\libnosys.a
END GROUP
LOAD C:/ST/STM32CubeIDE_2.2.0/STM32CubeIDE/plugins/com.st.stm32cube.ide.mcu.externaltools.gnu-tools-for-stm32.14.3.rel1.win32_1.0.100.202602081740/tools/bin/../lib/gcc/arm-none-eabi/14.3.1/thumb/v6-m/nofp/crtend.o
LOAD C:/ST/STM32CubeIDE_2.2.0/STM32CubeIDE/plugins/com.st.stm32cube.ide.mcu.externaltools.gnu-tools-for-stm32.14.3.rel1.win32_1.0.100.202602081740/tools/bin/../lib/gcc/arm-none-eabi/14.3.1/thumb/v6-m/nofp/crtn.o
                0x20004000                        _estack = (ORIGIN (RAM) + LENGTH (RAM))
                0x00000200                        _Min_Heap_Size = 0x200
                0x00000400                        _Min_Stack_Size = 0x400

.isr_vector     0x08000000       0xc0
                0x08000000                        . = ALIGN (0x4)
 *(.isr_vector)
 .isr_vector    0x08000000       0xc0 ./Core/Startup/startup_stm32f072cbtx.o
                0x08000000                g_pfnVectors
                0x080000c0                        . = ALIGN (0x4)

.text           0x080000c0     0xc920
                0x080000c0                        . = ALIGN (0x4)
 *(.text)
 .text          0x080000c0       0x48 C:/ST/STM32CubeIDE_2.2.0/STM32CubeIDE/plugins/com.st.stm32cube.ide.mcu.externaltools.gnu-tools-for-stm32.14.3.rel1.win32_1.0.100.202602081740/tools/bin/../lib/gcc/arm-none-eabi/14.3.1/thumb/v6-m/nofp/crtbegin.o
 .text          0x08000108       0x14 C:/ST/STM32CubeIDE_2.2.0/STM32CubeIDE/plugins/com.st.stm32cube.ide.mcu.externaltools.gnu-tools-for-stm32.14.3.rel1.win32_1.0.100.202602081740/tools/bin/../lib/gcc/arm-none-eabi/14.3.1/../../../../arm-none-eabi/lib/thumb/v6-m/nofp\libc_nano.a(libc_a-strcmp.o)
                0x08000108                strcmp
 .text          0x0800011c        0xe C:/ST/STM32CubeIDE_2.2.0/STM32CubeIDE/plugins/com.st.stm32cube.ide.mcu.externaltools.gnu-tools-for-stm32.14.3.rel1.win32_1.0.100.202602081740/tools/bin/../lib/gcc/arm-none-eabi/14.3.1/../../../../arm-none-eabi/lib/thumb/v6-m/nofp\libc_nano.a(libc_a-strlen.o)
                0x0800011c                strlen
 *fill*         0x0800012a        0x2 
 .text          0x0800012c       0x14 C:/ST/STM32CubeIDE_2.2.0/STM32CubeIDE/plugins/com.st.stm32cube.ide.mcu.externaltools.gnu-tools-for-stm32.14.3.rel1.win32_1.0.100.202602081740/tools/bin/../lib/gcc/arm-none-eabi/14.3.1/thumb/v6-m/nofp\libgcc.a(_thumb1_case_shi.o)
                0x0800012c                __gnu_thumb1_case_shi
 .text          0x08000140      0x114 C:/ST/STM32CubeIDE_2.2.0/STM32CubeIDE/plugins/com.st.stm32cube.ide.mcu.externaltools.gnu-tools-for-stm32.14.3.rel1.win32_1.0.100.202602081740/tools/bin/../lib/gcc/arm-none-eabi/14.3.1/thumb/v6-m/nofp\libgcc.a(_udivsi3.o)
                0x08000140                __aeabi_uidiv
                0x08000140                __udivsi3
                0x0800024c                __aeabi_uidivmod
 .text          0x08000254        0x4 C:/ST/STM32CubeIDE_2.2.0/STM32CubeIDE/plugins/com.st.stm32cube.ide.mcu.externaltools.gnu-tools-for-stm32.14.3.rel1.win32_1.0.100.202602081740/tools/bin/../lib/gcc/arm-none-eabi/14.3.1/thumb/v6-m/nofp\libgcc.a(_dvmd_tls.o)
                0x08000254                __aeabi_idiv0
                0x08000254                __aeabi_ldiv0
 .text          0x08000258       0x48 C:/ST/STM32CubeIDE_2.2.0/STM32CubeIDE/plugins/com.st.stm32cube.ide.mcu.externaltools.gnu-tools-for-stm32.14.3.rel1.win32_1.0.100.202602081740/tools/bin/../lib/gcc/arm-none-eabi/14.3.1/thumb/v6-m/nofp\libgcc.a(_aeabi_ldivmod.o)
                0x08000258                __aeabi_ldivmod
 .text          0x080002a0       0x5c C:/ST/STM32CubeIDE_2.2.0/STM32CubeIDE/plugins/com.st.stm32cube.ide.mcu.externaltools.gnu-tools-for-stm32.14.3.rel1.win32_1.0.100.202602081740/tools/bin/../lib/gcc/arm-none-eabi/14.3.1/thumb/v6-m/nofp\libgcc.a(_muldi3.o)
                0x080002a0                __muldi3
                0x080002a0                __aeabi_lmul
 .text          0x080002fc       0x3c C:/ST/STM32CubeIDE_2.2.0/STM32CubeIDE/plugins/com.st.stm32cube.ide.mcu.externaltools.gnu-tools-for-stm32.14.3.rel1.win32_1.0.100.202602081740/tools/bin/../lib/gcc/arm-none-eabi/14.3.1/thumb/v6-m/nofp\libgcc.a(bpabi.o)
                0x080002fc                __gnu_ldivmod_helper
 .text          0x08000338      0x1fc C:/ST/STM32CubeIDE_2.2.0/STM32CubeIDE/plugins/com.st.stm32cube.ide.mcu.externaltools.gnu-tools-for-stm32.14.3.rel1.win32_1.0.100.202602081740/tools/bin/../lib/gcc/arm-none-eabi/14.3.1/thumb/v6-m/nofp\libgcc.a(_divdi3.o)
                0x08000338                __divdi3
 .text          0x08000534       0x18 C:/ST/STM32CubeIDE_2.2.0/STM32CubeIDE/plugins/com.st.stm32cube.ide.mcu.externaltools.gnu-tools-for-stm32.14.3.rel1.win32_1.0.100.202602081740/tools/bin/../lib/gcc/arm-none-eabi/14.3.1/thumb/v6-m/nofp\libgcc.a(_clzdi2.o)
                0x08000534                __clzdi2
 .text          0x0800054c       0x3c C:/ST/STM32CubeIDE_2.2.0/STM32CubeIDE/plugins/com.st.stm32cube.ide.mcu.externaltools.gnu-tools-for-stm32.14.3.rel1.win32_1.0.100.202602081740/tools/bin/../lib/gcc/arm-none-eabi/14.3.1/thumb/v6-m/nofp\libgcc.a(_clzsi2.o)
                0x0800054c                __clzsi2
 *(.text*)
 .text.bme280_init
                0x08000588       0x82 ./Core/Src/bme280.o
                0x08000588                bme280_init
 .text.bme280_get_regs
                0x0800060a       0x94 ./Core/Src/bme280.o
                0x0800060a                bme280_get_regs
 .text.bme280_set_regs
                0x0800069e       0xf8 ./Core/Src/bme280.o
                0x0800069e                bme280_set_regs
 .text.bme280_set_sensor_settings
                0x08000796       0xce ./Core/Src/bme280.o
                0x08000796                bme280_set_sensor_settings
 .text.bme280_set_sensor_mode
                0x08000864       0x76 ./Core/Src/bme280.o
                0x08000864                bme280_set_sensor_mode
 .text.bme280_get_sensor_mode
                0x080008da       0x4c ./Core/Src/bme280.o
                0x080008da                bme280_get_sensor_mode
 .text.bme280_soft_reset
                0x08000926       0xb8 ./Core/Src/bme280.o
                0x08000926                bme280_soft_reset
 .text.bme280_get_sensor_data
                0x080009de       0x9a ./Core/Src/bme280.o
                0x080009de                bme280_get_sensor_data
 .text.bme280_compensate_data
                0x08000a78       0xb2 ./Core/Src/bme280.o
                0x08000a78                bme280_compensate_data
 .text.set_osr_settings
                0x08000b2a       0x68 ./Core/Src/bme280.o
 .text.set_osr_humidity_settings
                0x08000b92       0x8e ./Core/Src/bme280.o
 .text.set_osr_press_temp_settings
                0x08000c20       0x96 ./Core/Src/bme280.o
 .text.set_filter_standby_settings
                0x08000cb6       0x96 ./Core/Src/bme280.o
 .text.fill_filter_settings
                0x08000d4c       0x38 ./Core/Src/bme280.o
 .text.fill_standby_settings
                0x08000d84       0x32 ./Core/Src/bme280.o
 .text.fill_osr_press_settings
                0x08000db6       0x38 ./Core/Src/bme280.o
 .text.fill_osr_temp_settings
                0x08000dee       0x32 ./Core/Src/bme280.o
 .text.parse_device_settings
                0x08000e20       0x64 ./Core/Src/bme280.o
 .text.parse_sensor_data
                0x08000e84       0x88 ./Core/Src/bme280.o
 .text.write_power_mode
                0x08000f0c       0x80 ./Core/Src/bme280.o
 .text.put_device_to_sleep
                0x08000f8c       0x76 ./Core/Src/bme280.o
 .text.reload_device_settings
                0x08001002       0x4a ./Core/Src/bme280.o
 .text.compensate_temperature
                0x0800104c       0xcc ./Core/Src/bme280.o
 .text.compensate_pressure
                0x08001118      0x6d8 ./Core/Src/bme280.o
 .text.compensate_humidity
                0x080017f0      0x17c ./Core/Src/bme280.o
 .text.get_calib_data
                0x0800196c       0x94 ./Core/Src/bme280.o
 .text.interleave_reg_addr
                0x08001a00       0x52 ./Core/Src/bme280.o
 .text.parse_temp_press_calib_data
                0x08001a52      0x174 ./Core/Src/bme280.o
 .text.parse_humidity_calib_data
                0x08001bc6       0xb4 ./Core/Src/bme280.o
 .text.are_settings_changed
                0x08001c7a       0x48 ./Core/Src/bme280.o
 .text.null_ptr_check
                0x08001cc2       0x48 ./Core/Src/bme280.o
 .text.bme_i2c_read
                0x08001d0a       0x5e ./Core/Src/bme280_app.o
 .text.bme_i2c_write
                0x08001d68       0x5e ./Core/Src/bme280_app.o
 *fill*         0x08001dc6        0x2 
 .text.bme_delay_us
                0x08001dc8       0x30 ./Core/Src/bme280_app.o
 .text.bme_bus_init
                0x08001df8       0xec ./Core/Src/bme280_app.o
 .text.BME280_App_Init
                0x08001ee4      0x138 ./Core/Src/bme280_app.o
                0x08001ee4                BME280_App_Init
 .text.BME280_App_Read
                0x0800201c       0x5c ./Core/Src/bme280_app.o
                0x0800201c                BME280_App_Read
 .text.BME280_App_Address
                0x08002078       0x24 ./Core/Src/bme280_app.o
                0x08002078                BME280_App_Address
 .text.neopixel_timer_init
                0x0800209c      0x100 ./Core/Src/main.o
 .text.neopixel_encode_byte
                0x0800219c       0x5c ./Core/Src/main.o
 .text.neopixel_send_color
                0x080021f8      0x19c ./Core/Src/main.o
 .text.neopixel_off
                0x08002394       0x22 ./Core/Src/main.o
 *fill*         0x080023b6        0x2 
 .text.photoresistor_init
                0x080023b8      0x138 ./Core/Src/main.o
 .text.photoresistor_read_channel
                0x080024f0       0x78 ./Core/Src/main.o
 .text.photoresistor_read_averages
                0x08002568       0xa4 ./Core/Src/main.o
 .text.time_reached
                0x0800260c       0x20 ./Core/Src/main.o
 .text.usb_send_status
                0x0800262c       0x8c ./Core/Src/main.o
 .text.usb_send_measurement
                0x080026b8      0x394 ./Core/Src/main.o
 .text.usb_send_response
                0x08002a4c       0x90 ./Core/Src/main.o
 .text.set_named_led
                0x08002adc       0x80 ./Core/Src/main.o
 .text.process_led_command
                0x08002b5c      0x1fc ./Core/Src/main.o
 .text.process_command
                0x08002d58      0x314 ./Core/Src/main.o
 .text.process_usb_input
                0x0800306c       0x8c ./Core/Src/main.o
 .text.main     0x080030f8       0xcc ./Core/Src/main.o
                0x080030f8                main
 .text.SystemClock_Config
                0x080031c4      0x110 ./Core/Src/main.o
                0x080031c4                SystemClock_Config
 .text.MX_GPIO_Init
                0x080032d4       0xd0 ./Core/Src/main.o
 .text.Error_Handler
                0x080033a4        0xc ./Core/Src/main.o
                0x080033a4                Error_Handler
 .text.HAL_MspInit
                0x080033b0       0x48 ./Core/Src/stm32f0xx_hal_msp.o
                0x080033b0                HAL_MspInit
 .text.NMI_Handler
                0x080033f8        0x8 ./Core/Src/stm32f0xx_it.o
                0x080033f8                NMI_Handler
 .text.HardFault_Handler
                0x08003400        0x8 ./Core/Src/stm32f0xx_it.o
                0x08003400                HardFault_Handler
 .text.SVC_Handler
                0x08003408        0xa ./Core/Src/stm32f0xx_it.o
                0x08003408                SVC_Handler
 .text.PendSV_Handler
                0x08003412        0xa ./Core/Src/stm32f0xx_it.o
                0x08003412                PendSV_Handler
 .text.SysTick_Handler
                0x0800341c        0xe ./Core/Src/stm32f0xx_it.o
                0x0800341c                SysTick_Handler
 *fill*         0x0800342a        0x2 
 .text.USB_IRQHandler
                0x0800342c       0x18 ./Core/Src/stm32f0xx_it.o
                0x0800342c                USB_IRQHandler
 .text._sbrk    0x08003444       0x6c ./Core/Src/sysmem.o
                0x08003444                _sbrk
 .text.SystemInit
                0x080034b0        0xa ./Core/Src/system_stm32f0xx.o
                0x080034b0                SystemInit
 *fill*         0x080034ba        0x2 
 .text.MX_USB_DEVICE_Init
                0x080034bc       0x68 ./Core/Src/usb_device.o
                0x080034bc                MX_USB_DEVICE_Init
 .text.USBD_CDC_Init
                0x08003524      0x118 ./Core/Src/usbd_cdc.o
 .text.USBD_CDC_DeInit
                0x0800363c       0x88 ./Core/Src/usbd_cdc.o
 .text.USBD_CDC_Setup
                0x080036c4      0x190 ./Core/Src/usbd_cdc.o
 .text.USBD_CDC_DataIn
                0x08003854       0xb6 ./Core/Src/usbd_cdc.o
 .text.USBD_CDC_DataOut
                0x0800390a       0x6a ./Core/Src/usbd_cdc.o
 .text.USBD_CDC_EP0_RxReady
                0x08003974       0x60 ./Core/Src/usbd_cdc.o
 .text.USBD_CDC_GetFSCfgDesc
                0x080039d4       0x1c ./Core/Src/usbd_cdc.o
 .text.USBD_CDC_GetHSCfgDesc
                0x080039f0       0x1c ./Core/Src/usbd_cdc.o
 .text.USBD_CDC_GetOtherSpeedCfgDesc
                0x08003a0c       0x1c ./Core/Src/usbd_cdc.o
 .text.USBD_CDC_GetDeviceQualifierDescriptor
                0x08003a28       0x1c ./Core/Src/usbd_cdc.o
                0x08003a28                USBD_CDC_GetDeviceQualifierDescriptor
 .text.USBD_CDC_RegisterInterface
                0x08003a44       0x36 ./Core/Src/usbd_cdc.o
                0x08003a44                USBD_CDC_RegisterInterface
 .text.USBD_CDC_SetTxBuffer
                0x08003a7a       0x38 ./Core/Src/usbd_cdc.o
                0x08003a7a                USBD_CDC_SetTxBuffer
 .text.USBD_CDC_SetRxBuffer
                0x08003ab2       0x28 ./Core/Src/usbd_cdc.o
                0x08003ab2                USBD_CDC_SetRxBuffer
 .text.USBD_CDC_TransmitPacket
                0x08003ada       0x6e ./Core/Src/usbd_cdc.o
                0x08003ada                USBD_CDC_TransmitPacket
 .text.USBD_CDC_ReceivePacket
                0x08003b48       0x5c ./Core/Src/usbd_cdc.o
                0x08003b48                USBD_CDC_ReceivePacket
 .text.CDC_Itf_Init
                0x08003ba4       0x44 ./Core/Src/usbd_cdc_if.o
 .text.CDC_Itf_DeInit
                0x08003be8        0xc ./Core/Src/usbd_cdc_if.o
 .text.CDC_Itf_Control
                0x08003bf4       0xc8 ./Core/Src/usbd_cdc_if.o
 .text.CDC_Itf_Receive
                0x08003cbc       0x90 ./Core/Src/usbd_cdc_if.o
 .text.AstroCDC_ReadByte
                0x08003d4c       0x74 ./Core/Src/usbd_cdc_if.o
                0x08003d4c                AstroCDC_ReadByte
 .text.AstroCDC_WriteBytes
                0x08003dc0       0xb0 ./Core/Src/usbd_cdc_if.o
                0x08003dc0                AstroCDC_WriteBytes
 .text.AstroCDC_Write
                0x08003e70       0x44 ./Core/Src/usbd_cdc_if.o
                0x08003e70                AstroCDC_Write
 .text.HAL_PCD_MspInit
                0x08003eb4       0x8c ./Core/Src/usbd_conf.o
                0x08003eb4                HAL_PCD_MspInit
 .text.HAL_PCD_SetupStageCallback
                0x08003f40       0x2a ./Core/Src/usbd_conf.o
                0x08003f40                HAL_PCD_SetupStageCallback
 .text.HAL_PCD_DataOutStageCallback
                0x08003f6a       0x42 ./Core/Src/usbd_conf.o
                0x08003f6a                HAL_PCD_DataOutStageCallback
 .text.HAL_PCD_DataInStageCallback
                0x08003fac       0x3c ./Core/Src/usbd_conf.o
                0x08003fac                HAL_PCD_DataInStageCallback
 .text.HAL_PCD_SOFCallback
                0x08003fe8       0x1e ./Core/Src/usbd_conf.o
                0x08003fe8                HAL_PCD_SOFCallback
 .text.HAL_PCD_ResetCallback
                0x08004006       0x2e ./Core/Src/usbd_conf.o
                0x08004006                HAL_PCD_ResetCallback
 .text.HAL_PCD_SuspendCallback
                0x08004034       0x10 ./Core/Src/usbd_conf.o
                0x08004034                HAL_PCD_SuspendCallback
 .text.HAL_PCD_ResumeCallback
                0x08004044       0x10 ./Core/Src/usbd_conf.o
                0x08004044                HAL_PCD_ResumeCallback
 .text.USBD_LL_Init
                0x08004054       0x90 ./Core/Src/usbd_conf.o
                0x08004054                USBD_LL_Init
 .text.USBD_LL_Start
                0x080040e4       0x20 ./Core/Src/usbd_conf.o
                0x080040e4                USBD_LL_Start
 .text.USBD_LL_OpenEP
                0x08004104       0x44 ./Core/Src/usbd_conf.o
                0x08004104                USBD_LL_OpenEP
 .text.USBD_LL_CloseEP
                0x08004148       0x2c ./Core/Src/usbd_conf.o
                0x08004148                USBD_LL_CloseEP
 .text.USBD_LL_StallEP
                0x08004174       0x2c ./Core/Src/usbd_conf.o
                0x08004174                USBD_LL_StallEP
 .text.USBD_LL_ClearStallEP
                0x080041a0       0x2c ./Core/Src/usbd_conf.o
                0x080041a0                USBD_LL_ClearStallEP
 .text.USBD_LL_IsStallEP
                0x080041cc       0x60 ./Core/Src/usbd_conf.o
                0x080041cc                USBD_LL_IsStallEP
 .text.USBD_LL_SetUSBAddress
                0x0800422c       0x2c ./Core/Src/usbd_conf.o
                0x0800422c                USBD_LL_SetUSBAddress
 .text.USBD_LL_Transmit
                0x08004258       0x40 ./Core/Src/usbd_conf.o
                0x08004258                USBD_LL_Transmit
 .text.USBD_LL_PrepareReceive
                0x08004298       0x40 ./Core/Src/usbd_conf.o
                0x08004298                USBD_LL_PrepareReceive
 .text.USBD_LL_GetRxDataSize
                0x080042d8       0x2c ./Core/Src/usbd_conf.o
                0x080042d8                USBD_LL_GetRxDataSize
 .text.USBD_static_malloc
                0x08004304       0x18 ./Core/Src/usbd_conf.o
                0x08004304                USBD_static_malloc
 .text.USBD_static_free
                0x0800431c       0x10 ./Core/Src/usbd_conf.o
                0x0800431c                USBD_static_free
 .text.USBD_Init
                0x0800432c       0x62 ./Core/Src/usbd_core.o
                0x0800432c                USBD_Init
 .text.USBD_RegisterClass
                0x0800438e       0x40 ./Core/Src/usbd_core.o
                0x0800438e                USBD_RegisterClass
 .text.USBD_Start
                0x080043ce       0x1a ./Core/Src/usbd_core.o
                0x080043ce                USBD_Start
 .text.USBD_RunTestMode
                0x080043e8       0x12 ./Core/Src/usbd_core.o
                0x080043e8                USBD_RunTestMode
 .text.USBD_SetClassConfig
                0x080043fa       0x4e ./Core/Src/usbd_core.o
                0x080043fa                USBD_SetClassConfig
 .text.USBD_ClrClassConfig
                0x08004448       0x2c ./Core/Src/usbd_core.o
                0x08004448                USBD_ClrClassConfig
 .text.USBD_LL_SetupStage
                0x08004474       0xbc ./Core/Src/usbd_core.o
                0x08004474                USBD_LL_SetupStage
 .text.USBD_LL_DataOutStage
                0x08004530      0x104 ./Core/Src/usbd_core.o
                0x08004530                USBD_LL_DataOutStage
 .text.USBD_LL_DataInStage
                0x08004634      0x17a ./Core/Src/usbd_core.o
                0x08004634                USBD_LL_DataInStage
 .text.USBD_LL_Reset
                0x080047ae       0x90 ./Core/Src/usbd_core.o
                0x080047ae                USBD_LL_Reset
 .text.USBD_LL_SetSpeed
                0x0800483e       0x20 ./Core/Src/usbd_core.o
                0x0800483e                USBD_LL_SetSpeed
 .text.USBD_LL_SOF
                0x0800485e       0x3c ./Core/Src/usbd_core.o
                0x0800485e                USBD_LL_SOF
 *fill*         0x0800489a        0x2 
 .text.USBD_StdDevReq
                0x0800489c       0xe4 ./Core/Src/usbd_ctlreq.o
                0x0800489c                USBD_StdDevReq
 .text.USBD_StdItfReq
                0x08004980       0xae ./Core/Src/usbd_ctlreq.o
                0x08004980                USBD_StdItfReq
 .text.USBD_StdEPReq
                0x08004a2e      0x36c ./Core/Src/usbd_ctlreq.o
                0x08004a2e                USBD_StdEPReq
 *fill*         0x08004d9a        0x2 
 .text.USBD_GetDescriptor
                0x08004d9c      0x364 ./Core/Src/usbd_ctlreq.o
 .text.USBD_SetAddress
                0x08005100       0xa8 ./Core/Src/usbd_ctlreq.o
 .text.USBD_SetConfig
                0x080051a8      0x148 ./Core/Src/usbd_ctlreq.o
 .text.USBD_GetConfig
                0x080052f0       0x76 ./Core/Src/usbd_ctlreq.o
 .text.USBD_GetStatus
                0x08005366       0x74 ./Core/Src/usbd_ctlreq.o
 .text.USBD_SetFeature
                0x080053da       0x2c ./Core/Src/usbd_ctlreq.o
 .text.USBD_ClrFeature
                0x08005406       0x4c ./Core/Src/usbd_ctlreq.o
 .text.USBD_ParseSetupRequest
                0x08005452       0x70 ./Core/Src/usbd_ctlreq.o
                0x08005452                USBD_ParseSetupRequest
 .text.USBD_CtlError
                0x080054c2       0x26 ./Core/Src/usbd_ctlreq.o
                0x080054c2                USBD_CtlError
 .text.USBD_GetString
                0x080054e8       0x9c ./Core/Src/usbd_ctlreq.o
                0x080054e8                USBD_GetString
 .text.USBD_GetLen
                0x08005584       0x3a ./Core/Src/usbd_ctlreq.o
 *fill*         0x080055be        0x2 
 .text.USBD_VCP_DeviceDescriptor
                0x080055c0       0x24 ./Core/Src/usbd_desc.o
                0x080055c0                USBD_VCP_DeviceDescriptor
 .text.USBD_VCP_LangIDStrDescriptor
                0x080055e4       0x24 ./Core/Src/usbd_desc.o
                0x080055e4                USBD_VCP_LangIDStrDescriptor
 .text.USBD_VCP_ProductStrDescriptor
                0x08005608       0x2c ./Core/Src/usbd_desc.o
                0x08005608                USBD_VCP_ProductStrDescriptor
 .text.USBD_VCP_ManufacturerStrDescriptor
                0x08005634       0x2c ./Core/Src/usbd_desc.o
                0x08005634                USBD_VCP_ManufacturerStrDescriptor
 .text.USBD_VCP_SerialStrDescriptor
                0x08005660       0x28 ./Core/Src/usbd_desc.o
                0x08005660                USBD_VCP_SerialStrDescriptor
 .text.USBD_VCP_ConfigStrDescriptor
                0x08005688       0x2c ./Core/Src/usbd_desc.o
                0x08005688                USBD_VCP_ConfigStrDescriptor
 .text.USBD_VCP_InterfaceStrDescriptor
                0x080056b4       0x2c ./Core/Src/usbd_desc.o
                0x080056b4                USBD_VCP_InterfaceStrDescriptor
 .text.Get_SerialNum
                0x080056e0       0x5c ./Core/Src/usbd_desc.o
 .text.IntToUnicode
                0x0800573c       0x96 ./Core/Src/usbd_desc.o
 .text.USBD_CtlSendData
                0x080057d2       0x40 ./Core/Src/usbd_ioreq.o
                0x080057d2                USBD_CtlSendData
 .text.USBD_CtlContinueSendData
                0x08005812       0x26 ./Core/Src/usbd_ioreq.o
                0x08005812                USBD_CtlContinueSendData
 .text.USBD_CtlPrepareRx
                0x08005838       0x48 ./Core/Src/usbd_ioreq.o
                0x08005838                USBD_CtlPrepareRx
 .text.USBD_CtlContinueRx
                0x08005880       0x26 ./Core/Src/usbd_ioreq.o
                0x08005880                USBD_CtlContinueRx
 .text.USBD_CtlSendStatus
                0x080058a6       0x28 ./Core/Src/usbd_ioreq.o
                0x080058a6                USBD_CtlSendStatus
 .text.USBD_CtlReceiveStatus
                0x080058ce       0x28 ./Core/Src/usbd_ioreq.o
                0x080058ce                USBD_CtlReceiveStatus
 *fill*         0x080058f6        0x2 
 .text.Reset_Handler
                0x080058f8       0x50 ./Core/Startup/startup_stm32f072cbtx.o
                0x080058f8                Reset_Handler
 .text.Default_Handler
                0x08005948        0x2 ./Core/Startup/startup_stm32f072cbtx.o
                0x08005948                TIM1_CC_IRQHandler
                0x08005948                TSC_IRQHandler
                0x08005948                ADC1_COMP_IRQHandler
                0x08005948                I2C1_IRQHandler
                0x08005948                RCC_CRS_IRQHandler
                0x08005948                SPI1_IRQHandler
                0x08005948                TIM6_DAC_IRQHandler
                0x08005948                USART3_4_IRQHandler
                0x08005948                EXTI2_3_IRQHandler
                0x08005948                I2C2_IRQHandler
                0x08005948                TIM17_IRQHandler
                0x08005948                CEC_CAN_IRQHandler
                0x08005948                RTC_IRQHandler
                0x08005948                PVD_VDDIO2_IRQHandler
                0x08005948                DMA1_Channel4_5_6_7_IRQHandler
                0x08005948                TIM16_IRQHandler
                0x08005948                TIM3_IRQHandler
                0x08005948                EXTI4_15_IRQHandler
                0x08005948                DMA1_Channel1_IRQHandler
                0x08005948                Default_Handler
                0x08005948                TIM14_IRQHandler
                0x08005948                TIM7_IRQHandler
                0x08005948                TIM15_IRQHandler
                0x08005948                EXTI0_1_IRQHandler
                0x08005948                SPI2_IRQHandler
                0x08005948                WWDG_IRQHandler
                0x08005948                TIM2_IRQHandler
                0x08005948                DMA1_Channel2_3_IRQHandler
                0x08005948                USART2_IRQHandler
                0x08005948                FLASH_IRQHandler
                0x08005948                USART1_IRQHandler
                0x08005948                TIM1_BRK_UP_TRG_COM_IRQHandler
 *fill*         0x0800594a        0x2 
 .text.HAL_Init
                0x0800594c       0x28 ./Drivers/STM32F0xx_HAL_Driver/Src/stm32f0xx_hal.o
                0x0800594c                HAL_Init
 .text.HAL_InitTick
                0x08005974       0x68 ./Drivers/STM32F0xx_HAL_Driver/Src/stm32f0xx_hal.o
                0x08005974                HAL_InitTick
 .text.HAL_IncTick
                0x080059dc       0x24 ./Drivers/STM32F0xx_HAL_Driver/Src/stm32f0xx_hal.o
                0x080059dc                HAL_IncTick
 .text.HAL_GetTick
                0x08005a00       0x14 ./Drivers/STM32F0xx_HAL_Driver/Src/stm32f0xx_hal.o
                0x08005a00                HAL_GetTick
 .text.HAL_Delay
                0x08005a14       0x48 ./Drivers/STM32F0xx_HAL_Driver/Src/stm32f0xx_hal.o
                0x08005a14                HAL_Delay
 .text.HAL_ADC_Init
                0x08005a5c      0x280 ./Drivers/STM32F0xx_HAL_Driver/Src/stm32f0xx_hal_adc.o
                0x08005a5c                HAL_ADC_Init
 .text.HAL_ADC_MspInit
                0x08005cdc       0x10 ./Drivers/STM32F0xx_HAL_Driver/Src/stm32f0xx_hal_adc.o
                0x08005cdc                HAL_ADC_MspInit
 .text.HAL_ADC_Start
                0x08005cec       0xa8 ./Drivers/STM32F0xx_HAL_Driver/Src/stm32f0xx_hal_adc.o
                0x08005cec                HAL_ADC_Start
 .text.HAL_ADC_Stop
                0x08005d94       0x80 ./Drivers/STM32F0xx_HAL_Driver/Src/stm32f0xx_hal_adc.o
                0x08005d94                HAL_ADC_Stop
 .text.HAL_ADC_PollForConversion
                0x08005e14      0x130 ./Drivers/STM32F0xx_HAL_Driver/Src/stm32f0xx_hal_adc.o
                0x08005e14                HAL_ADC_PollForConversion
 .text.HAL_ADC_GetValue
                0x08005f44       0x16 ./Drivers/STM32F0xx_HAL_Driver/Src/stm32f0xx_hal_adc.o
                0x08005f44                HAL_ADC_GetValue
 *fill*         0x08005f5a        0x2 
 .text.ADC_Enable
                0x08005f5c      0x108 ./Drivers/STM32F0xx_HAL_Driver/Src/stm32f0xx_hal_adc.o
 .text.ADC_Disable
                0x08006064       0xe2 ./Drivers/STM32F0xx_HAL_Driver/Src/stm32f0xx_hal_adc.o
 .text.ADC_ConversionStop
                0x08006146       0x98 ./Drivers/STM32F0xx_HAL_Driver/Src/stm32f0xx_hal_adc.o
 *fill*         0x080061de        0x2 
 .text.HAL_ADCEx_Calibration_Start
                0x080061e0      0x150 ./Drivers/STM32F0xx_HAL_Driver/Src/stm32f0xx_hal_adc_ex.o
                0x080061e0                HAL_ADCEx_Calibration_Start
 .text.__NVIC_EnableIRQ
                0x08006330       0x34 ./Drivers/STM32F0xx_HAL_Driver/Src/stm32f0xx_hal_cortex.o
 .text.__NVIC_SetPriority
                0x08006364       0xdc ./Drivers/STM32F0xx_HAL_Driver/Src/stm32f0xx_hal_cortex.o
 .text.SysTick_Config
                0x08006440       0x48 ./Drivers/STM32F0xx_HAL_Driver/Src/stm32f0xx_hal_cortex.o
 .text.HAL_NVIC_SetPriority
                0x08006488       0x2a ./Drivers/STM32F0xx_HAL_Driver/Src/stm32f0xx_hal_cortex.o
                0x08006488                HAL_NVIC_SetPriority
 .text.HAL_NVIC_EnableIRQ
                0x080064b2       0x20 ./Drivers/STM32F0xx_HAL_Driver/Src/stm32f0xx_hal_cortex.o
                0x080064b2                HAL_NVIC_EnableIRQ
 .text.HAL_SYSTICK_Config
                0x080064d2       0x1a ./Drivers/STM32F0xx_HAL_Driver/Src/stm32f0xx_hal_cortex.o
                0x080064d2                HAL_SYSTICK_Config
 .text.HAL_GPIO_Init
                0x080064ec      0x2f0 ./Drivers/STM32F0xx_HAL_Driver/Src/stm32f0xx_hal_gpio.o
                0x080064ec                HAL_GPIO_Init
 .text.HAL_GPIO_WritePin
                0x080067dc       0x3a ./Drivers/STM32F0xx_HAL_Driver/Src/stm32f0xx_hal_gpio.o
                0x080067dc                HAL_GPIO_WritePin
 *fill*         0x08006816        0x2 
 .text.HAL_I2C_Init
                0x08006818      0x14c ./Drivers/STM32F0xx_HAL_Driver/Src/stm32f0xx_hal_i2c.o
                0x08006818                HAL_I2C_Init
 .text.HAL_I2C_MspInit
                0x08006964       0x10 ./Drivers/STM32F0xx_HAL_Driver/Src/stm32f0xx_hal_i2c.o
                0x08006964                HAL_I2C_MspInit
 .text.HAL_I2C_Mem_Write
                0x08006974      0x25c ./Drivers/STM32F0xx_HAL_Driver/Src/stm32f0xx_hal_i2c.o
                0x08006974                HAL_I2C_Mem_Write
 .text.HAL_I2C_Mem_Read
                0x08006bd0      0x268 ./Drivers/STM32F0xx_HAL_Driver/Src/stm32f0xx_hal_i2c.o
                0x08006bd0                HAL_I2C_Mem_Read
 .text.I2C_RequestMemoryWrite
                0x08006e38       0xc8 ./Drivers/STM32F0xx_HAL_Driver/Src/stm32f0xx_hal_i2c.o
 .text.I2C_RequestMemoryRead
                0x08006f00       0xc4 ./Drivers/STM32F0xx_HAL_Driver/Src/stm32f0xx_hal_i2c.o
 .text.I2C_Flush_TXDR
                0x08006fc4       0x44 ./Drivers/STM32F0xx_HAL_Driver/Src/stm32f0xx_hal_i2c.o
 .text.I2C_WaitOnFlagUntilTimeout
                0x08007008       0xb0 ./Drivers/STM32F0xx_HAL_Driver/Src/stm32f0xx_hal_i2c.o
 .text.I2C_WaitOnTXISFlagUntilTimeout
                0x080070b8       0x8c ./Drivers/STM32F0xx_HAL_Driver/Src/stm32f0xx_hal_i2c.o
 .text.I2C_WaitOnSTOPFlagUntilTimeout
                0x08007144       0x86 ./Drivers/STM32F0xx_HAL_Driver/Src/stm32f0xx_hal_i2c.o
 *fill*         0x080071ca        0x2 
 .text.I2C_IsErrorOccurred
                0x080071cc      0x1f0 ./Drivers/STM32F0xx_HAL_Driver/Src/stm32f0xx_hal_i2c.o
 .text.I2C_TransferConfig
                0x080073bc       0x74 ./Drivers/STM32F0xx_HAL_Driver/Src/stm32f0xx_hal_i2c.o
 .text.HAL_I2CEx_ConfigAnalogFilter
                0x08007430       0x98 ./Drivers/STM32F0xx_HAL_Driver/Src/stm32f0xx_hal_i2c_ex.o
                0x08007430                HAL_I2CEx_ConfigAnalogFilter
 .text.HAL_PCD_Init
                0x080074c8      0x1e8 ./Drivers/STM32F0xx_HAL_Driver/Src/stm32f0xx_hal_pcd.o
                0x080074c8                HAL_PCD_Init
 .text.HAL_PCD_Start
                0x080076b0       0x4a ./Drivers/STM32F0xx_HAL_Driver/Src/stm32f0xx_hal_pcd.o
                0x080076b0                HAL_PCD_Start
 *fill*         0x080076fa        0x2 
 .text.HAL_PCD_IRQHandler
                0x080076fc      0x288 ./Drivers/STM32F0xx_HAL_Driver/Src/stm32f0xx_hal_pcd.o
                0x080076fc                HAL_PCD_IRQHandler
 .text.HAL_PCD_SetAddress
                0x08007984       0x54 ./Drivers/STM32F0xx_HAL_Driver/Src/stm32f0xx_hal_pcd.o
                0x08007984                HAL_PCD_SetAddress
 .text.HAL_PCD_EP_Open
                0x080079d8       0xde ./Drivers/STM32F0xx_HAL_Driver/Src/stm32f0xx_hal_pcd.o
                0x080079d8                HAL_PCD_EP_Open
 .text.HAL_PCD_EP_Close
                0x08007ab6       0xa2 ./Drivers/STM32F0xx_HAL_Driver/Src/stm32f0xx_hal_pcd.o
                0x08007ab6                HAL_PCD_EP_Close
 .text.HAL_PCD_EP_Receive
                0x08007b58       0x6e ./Drivers/STM32F0xx_HAL_Driver/Src/stm32f0xx_hal_pcd.o
                0x08007b58                HAL_PCD_EP_Receive
 .text.HAL_PCD_EP_GetRxCount
                0x08007bc6       0x32 ./Drivers/STM32F0xx_HAL_Driver/Src/stm32f0xx_hal_pcd.o
                0x08007bc6                HAL_PCD_EP_GetRxCount
 .text.HAL_PCD_EP_Transmit
                0x08007bf8       0x78 ./Drivers/STM32F0xx_HAL_Driver/Src/stm32f0xx_hal_pcd.o
                0x08007bf8                HAL_PCD_EP_Transmit
 .text.HAL_PCD_EP_SetStall
                0x08007c70       0xb8 ./Drivers/STM32F0xx_HAL_Driver/Src/stm32f0xx_hal_pcd.o
                0x08007c70                HAL_PCD_EP_SetStall
 .text.HAL_PCD_EP_ClrStall
                0x08007d28       0xbc ./Drivers/STM32F0xx_HAL_Driver/Src/stm32f0xx_hal_pcd.o
                0x08007d28                HAL_PCD_EP_ClrStall
 .text.PCD_EP_ISR_Handler
                0x08007de4      0x808 ./Drivers/STM32F0xx_HAL_Driver/Src/stm32f0xx_hal_pcd.o
 .text.HAL_PCD_EP_DB_Receive
                0x080085ec      0x238 ./Drivers/STM32F0xx_HAL_Driver/Src/stm32f0xx_hal_pcd.o
 .text.HAL_PCD_EP_DB_Transmit
                0x08008824      0x820 ./Drivers/STM32F0xx_HAL_Driver/Src/stm32f0xx_hal_pcd.o
 .text.HAL_PCDEx_PMAConfig
                0x08009044       0x9c ./Drivers/STM32F0xx_HAL_Driver/Src/stm32f0xx_hal_pcd_ex.o
                0x08009044                HAL_PCDEx_PMAConfig
 .text.HAL_PCDEx_ActivateLPM
                0x080090e0       0x54 ./Drivers/STM32F0xx_HAL_Driver/Src/stm32f0xx_hal_pcd_ex.o
                0x080090e0                HAL_PCDEx_ActivateLPM
 .text.HAL_PCDEx_LPM_Callback
                0x08009134       0x16 ./Drivers/STM32F0xx_HAL_Driver/Src/stm32f0xx_hal_pcd_ex.o
                0x08009134                HAL_PCDEx_LPM_Callback
 *fill*         0x0800914a        0x2 
 .text.HAL_RCC_OscConfig
                0x0800914c      0x70c ./Drivers/STM32F0xx_HAL_Driver/Src/stm32f0xx_hal_rcc.o
                0x0800914c                HAL_RCC_OscConfig
 .text.HAL_RCC_ClockConfig
                0x08009858      0x1b4 ./Drivers/STM32F0xx_HAL_Driver/Src/stm32f0xx_hal_rcc.o
                0x08009858                HAL_RCC_ClockConfig
 .text.HAL_RCC_GetSysClockFreq
                0x08009a0c       0xe4 ./Drivers/STM32F0xx_HAL_Driver/Src/stm32f0xx_hal_rcc.o
                0x08009a0c                HAL_RCC_GetSysClockFreq
 .text.HAL_RCC_GetHCLKFreq
                0x08009af0       0x14 ./Drivers/STM32F0xx_HAL_Driver/Src/stm32f0xx_hal_rcc.o
                0x08009af0                HAL_RCC_GetHCLKFreq
 .text.HAL_RCC_GetPCLK1Freq
                0x08009b04       0x2c ./Drivers/STM32F0xx_HAL_Driver/Src/stm32f0xx_hal_rcc.o
                0x08009b04                HAL_RCC_GetPCLK1Freq
 .text.HAL_RCCEx_PeriphCLKConfig
                0x08009b30      0x1fc ./Drivers/STM32F0xx_HAL_Driver/Src/stm32f0xx_hal_rcc_ex.o
                0x08009b30                HAL_RCCEx_PeriphCLKConfig
 .text.HAL_RCCEx_CRSConfig
                0x08009d2c       0x90 ./Drivers/STM32F0xx_HAL_Driver/Src/stm32f0xx_hal_rcc_ex.o
                0x08009d2c                HAL_RCCEx_CRSConfig
 .text.USB_EnableGlobalInt
                0x08009dbc       0x2c ./Drivers/STM32F0xx_HAL_Driver/Src/stm32f0xx_ll_usb.o
                0x08009dbc                USB_EnableGlobalInt
 .text.USB_DisableGlobalInt
                0x08009de8       0x34 ./Drivers/STM32F0xx_HAL_Driver/Src/stm32f0xx_ll_usb.o
                0x08009de8                USB_DisableGlobalInt
 .text.USB_DevInit
                0x08009e1c       0x38 ./Drivers/STM32F0xx_HAL_Driver/Src/stm32f0xx_ll_usb.o
                0x08009e1c                USB_DevInit
 .text.USB_ActivateEndpoint
                0x08009e54      0x750 ./Drivers/STM32F0xx_HAL_Driver/Src/stm32f0xx_ll_usb.o
                0x08009e54                USB_ActivateEndpoint
 .text.USB_DeactivateEndpoint
                0x0800a5a4      0x380 ./Drivers/STM32F0xx_HAL_Driver/Src/stm32f0xx_ll_usb.o
                0x0800a5a4                USB_DeactivateEndpoint
 .text.USB_EPStartXfer
                0x0800a924     0x1260 ./Drivers/STM32F0xx_HAL_Driver/Src/stm32f0xx_ll_usb.o
                0x0800a924                USB_EPStartXfer
 .text.USB_EPSetStall
                0x0800bb84       0xa0 ./Drivers/STM32F0xx_HAL_Driver/Src/stm32f0xx_ll_usb.o
                0x0800bb84                USB_EPSetStall
 .text.USB_EPClearStall
                0x0800bc24      0x164 ./Drivers/STM32F0xx_HAL_Driver/Src/stm32f0xx_ll_usb.o
                0x0800bc24                USB_EPClearStall
 .text.USB_SetDevAddress
                0x0800bd88       0x28 ./Drivers/STM32F0xx_HAL_Driver/Src/stm32f0xx_ll_usb.o
                0x0800bd88                USB_SetDevAddress
 .text.USB_DevConnect
                0x0800bdb0       0x2c ./Drivers/STM32F0xx_HAL_Driver/Src/stm32f0xx_ll_usb.o
                0x0800bdb0                USB_DevConnect
 .text.USB_ReadInterrupts
                0x0800bddc       0x1c ./Drivers/STM32F0xx_HAL_Driver/Src/stm32f0xx_ll_usb.o
                0x0800bddc                USB_ReadInterrupts
 .text.USB_WritePMA
                0x0800bdf8       0x94 ./Drivers/STM32F0xx_HAL_Driver/Src/stm32f0xx_ll_usb.o
                0x0800bdf8                USB_WritePMA
 .text.USB_ReadPMA
                0x0800be8c       0x9e ./Drivers/STM32F0xx_HAL_Driver/Src/stm32f0xx_ll_usb.o
                0x0800be8c                USB_ReadPMA
 *fill*         0x0800bf2a        0x2 
 .text._strtoul_l.isra.0
                0x0800bf2c      0x100 C:/ST/STM32CubeIDE_2.2.0/STM32CubeIDE/plugins/com.st.stm32cube.ide.mcu.externaltools.gnu-tools-for-stm32.14.3.rel1.win32_1.0.100.202602081740/tools/bin/../lib/gcc/arm-none-eabi/14.3.1/../../../../arm-none-eabi/lib/thumb/v6-m/nofp\libc_nano.a(libc_a-strtoul.o)
 .text.strtoul  0x0800c02c       0x18 C:/ST/STM32CubeIDE_2.2.0/STM32CubeIDE/plugins/com.st.stm32cube.ide.mcu.externaltools.gnu-tools-for-stm32.14.3.rel1.win32_1.0.100.202602081740/tools/bin/../lib/gcc/arm-none-eabi/14.3.1/../../../../arm-none-eabi/lib/thumb/v6-m/nofp\libc_nano.a(libc_a-strtoul.o)
                0x0800c02c                strtoul
 .text.snprintf
                0x0800c044       0x68 C:/ST/STM32CubeIDE_2.2.0/STM32CubeIDE/plugins/com.st.stm32cube.ide.mcu.externaltools.gnu-tools-for-stm32.14.3.rel1.win32_1.0.100.202602081740/tools/bin/../lib/gcc/arm-none-eabi/14.3.1/../../../../arm-none-eabi/lib/thumb/v6-m/nofp\libc_nano.a(libc_a-snprintf.o)
                0x0800c044                sniprintf
                0x0800c044                snprintf
 .text.memset   0x0800c0ac       0x10 C:/ST/STM32CubeIDE_2.2.0/STM32CubeIDE/plugins/com.st.stm32cube.ide.mcu.externaltools.gnu-tools-for-stm32.14.3.rel1.win32_1.0.100.202602081740/tools/bin/../lib/gcc/arm-none-eabi/14.3.1/../../../../arm-none-eabi/lib/thumb/v6-m/nofp\libc_nano.a(libc_a-memset.o)
                0x0800c0ac                memset
 .text.strncmp  0x0800c0bc       0x22 C:/ST/STM32CubeIDE_2.2.0/STM32CubeIDE/plugins/com.st.stm32cube.ide.mcu.externaltools.gnu-tools-for-stm32.14.3.rel1.win32_1.0.100.202602081740/tools/bin/../lib/gcc/arm-none-eabi/14.3.1/../../../../arm-none-eabi/lib/thumb/v6-m/nofp\libc_nano.a(libc_a-strncmp.o)
                0x0800c0bc                strncmp
 *fill*         0x0800c0de        0x2 
 .text.__errno  0x0800c0e0        0xc C:/ST/STM32CubeIDE_2.2.0/STM32CubeIDE/plugins/com.st.stm32cube.ide.mcu.externaltools.gnu-tools-for-stm32.14.3.rel1.win32_1.0.100.202602081740/tools/bin/../lib/gcc/arm-none-eabi/14.3.1/../../../../arm-none-eabi/lib/thumb/v6-m/nofp\libc_nano.a(libc_a-errno.o)
                0x0800c0e0                __errno
 .text.__libc_init_array
                0x0800c0ec       0x48 C:/ST/STM32CubeIDE_2.2.0/STM32CubeIDE/plugins/com.st.stm32cube.ide.mcu.externaltools.gnu-tools-for-stm32.14.3.rel1.win32_1.0.100.202602081740/tools/bin/../lib/gcc/arm-none-eabi/14.3.1/../../../../arm-none-eabi/lib/thumb/v6-m/nofp\libc_nano.a(libc_a-init.o)
                0x0800c0ec                __libc_init_array
 .text.__retarget_lock_acquire_recursive
                0x0800c134        0x2 C:/ST/STM32CubeIDE_2.2.0/STM32CubeIDE/plugins/com.st.stm32cube.ide.mcu.externaltools.gnu-tools-for-stm32.14.3.rel1.win32_1.0.100.202602081740/tools/bin/../lib/gcc/arm-none-eabi/14.3.1/../../../../arm-none-eabi/lib/thumb/v6-m/nofp\libc_nano.a(libc_a-lock.o)
                0x0800c134                __retarget_lock_acquire_recursive
 .text.__retarget_lock_release_recursive
                0x0800c136        0x2 C:/ST/STM32CubeIDE_2.2.0/STM32CubeIDE/plugins/com.st.stm32cube.ide.mcu.externaltools.gnu-tools-for-stm32.14.3.rel1.win32_1.0.100.202602081740/tools/bin/../lib/gcc/arm-none-eabi/14.3.1/../../../../arm-none-eabi/lib/thumb/v6-m/nofp\libc_nano.a(libc_a-lock.o)
                0x0800c136                __retarget_lock_release_recursive
 .text.memcpy   0x0800c138       0x12 C:/ST/STM32CubeIDE_2.2.0/STM32CubeIDE/plugins/com.st.stm32cube.ide.mcu.externaltools.gnu-tools-for-stm32.14.3.rel1.win32_1.0.100.202602081740/tools/bin/../lib/gcc/arm-none-eabi/14.3.1/../../../../arm-none-eabi/lib/thumb/v6-m/nofp\libc_nano.a(libc_a-memcpy-stub.o)
                0x0800c138                memcpy
 *fill*         0x0800c14a        0x2 
 .text._free_r  0x0800c14c       0x94 C:/ST/STM32CubeIDE_2.2.0/STM32CubeIDE/plugins/com.st.stm32cube.ide.mcu.externaltools.gnu-tools-for-stm32.14.3.rel1.win32_1.0.100.202602081740/tools/bin/../lib/gcc/arm-none-eabi/14.3.1/../../../../arm-none-eabi/lib/thumb/v6-m/nofp\libc_nano.a(libc_a-freer.o)
                0x0800c14c                _free_r
 .text.sbrk_aligned
                0x0800c1e0       0x44 C:/ST/STM32CubeIDE_2.2.0/STM32CubeIDE/plugins/com.st.stm32cube.ide.mcu.externaltools.gnu-tools-for-stm32.14.3.rel1.win32_1.0.100.202602081740/tools/bin/../lib/gcc/arm-none-eabi/14.3.1/../../../../arm-none-eabi/lib/thumb/v6-m/nofp\libc_nano.a(libc_a-mallocr.o)
 .text._malloc_r
                0x0800c224      0x100 C:/ST/STM32CubeIDE_2.2.0/STM32CubeIDE/plugins/com.st.stm32cube.ide.mcu.externaltools.gnu-tools-for-stm32.14.3.rel1.win32_1.0.100.202602081740/tools/bin/../lib/gcc/arm-none-eabi/14.3.1/../../../../arm-none-eabi/lib/thumb/v6-m/nofp\libc_nano.a(libc_a-mallocr.o)
                0x0800c224                _malloc_r
 .text.__malloc_lock
                0x0800c324       0x10 C:/ST/STM32CubeIDE_2.2.0/STM32CubeIDE/plugins/com.st.stm32cube.ide.mcu.externaltools.gnu-tools-for-stm32.14.3.rel1.win32_1.0.100.202602081740/tools/bin/../lib/gcc/arm-none-eabi/14.3.1/../../../../arm-none-eabi/lib/thumb/v6-m/nofp\libc_nano.a(libc_a-mlock.o)
                0x0800c324                __malloc_lock
 .text.__malloc_unlock
                0x0800c334       0x10 C:/ST/STM32CubeIDE_2.2.0/STM32CubeIDE/plugins/com.st.stm32cube.ide.mcu.externaltools.gnu-tools-for-stm32.14.3.rel1.win32_1.0.100.202602081740/tools/bin/../lib/gcc/arm-none-eabi/14.3.1/../../../../arm-none-eabi/lib/thumb/v6-m/nofp\libc_nano.a(libc_a-mlock.o)
                0x0800c334                __malloc_unlock
 .text.__ssputs_r
                0x0800c344       0xc8 C:/ST/STM32CubeIDE_2.2.0/STM32CubeIDE/plugins/com.st.stm32cube.ide.mcu.externaltools.gnu-tools-for-stm32.14.3.rel1.win32_1.0.100.202602081740/tools/bin/../lib/gcc/arm-none-eabi/14.3.1/../../../../arm-none-eabi/lib/thumb/v6-m/nofp\libc_nano.a(libc_a-nano-svfprintf.o)
                0x0800c344                __ssputs_r
 .text._svfprintf_r
                0x0800c40c      0x1f4 C:/ST/STM32CubeIDE_2.2.0/STM32CubeIDE/plugins/com.st.stm32cube.ide.mcu.externaltools.gnu-tools-for-stm32.14.3.rel1.win32_1.0.100.202602081740/tools/bin/../lib/gcc/arm-none-eabi/14.3.1/../../../../arm-none-eabi/lib/thumb/v6-m/nofp\libc_nano.a(libc_a-nano-svfprintf.o)
                0x0800c40c                _svfiprintf_r
                0x0800c40c                _svfprintf_r
 .text._printf_common
                0x0800c600       0xde C:/ST/STM32CubeIDE_2.2.0/STM32CubeIDE/plugins/com.st.stm32cube.ide.mcu.externaltools.gnu-tools-for-stm32.14.3.rel1.win32_1.0.100.202602081740/tools/bin/../lib/gcc/arm-none-eabi/14.3.1/../../../../arm-none-eabi/lib/thumb/v6-m/nofp\libc_nano.a(libc_a-nano-vfprintf_i.o)
                0x0800c600                _printf_common
 *fill*         0x0800c6de        0x2 
 .text._printf_i
                0x0800c6e0      0x218 C:/ST/STM32CubeIDE_2.2.0/STM32CubeIDE/plugins/com.st.stm32cube.ide.mcu.externaltools.gnu-tools-for-stm32.14.3.rel1.win32_1.0.100.202602081740/tools/bin/../lib/gcc/arm-none-eabi/14.3.1/../../../../arm-none-eabi/lib/thumb/v6-m/nofp\libc_nano.a(libc_a-nano-vfprintf_i.o)
                0x0800c6e0                _printf_i
 .text.memmove  0x0800c8f8       0x24 C:/ST/STM32CubeIDE_2.2.0/STM32CubeIDE/plugins/com.st.stm32cube.ide.mcu.externaltools.gnu-tools-for-stm32.14.3.rel1.win32_1.0.100.202602081740/tools/bin/../lib/gcc/arm-none-eabi/14.3.1/../../../../arm-none-eabi/lib/thumb/v6-m/nofp\libc_nano.a(libc_a-memmove.o)
                0x0800c8f8                memmove
 .text._sbrk_r  0x0800c91c       0x24 C:/ST/STM32CubeIDE_2.2.0/STM32CubeIDE/plugins/com.st.stm32cube.ide.mcu.externaltools.gnu-tools-for-stm32.14.3.rel1.win32_1.0.100.202602081740/tools/bin/../lib/gcc/arm-none-eabi/14.3.1/../../../../arm-none-eabi/lib/thumb/v6-m/nofp\libc_nano.a(libc_a-sbrkr.o)
                0x0800c91c                _sbrk_r
 .text.memchr   0x0800c940       0x16 C:/ST/STM32CubeIDE_2.2.0/STM32CubeIDE/plugins/com.st.stm32cube.ide.mcu.externaltools.gnu-tools-for-stm32.14.3.rel1.win32_1.0.100.202602081740/tools/bin/../lib/gcc/arm-none-eabi/14.3.1/../../../../arm-none-eabi/lib/thumb/v6-m/nofp\libc_nano.a(libc_a-memchr-stub.o)
                0x0800c940                memchr
 .text._realloc_r
                0x0800c956       0x60 C:/ST/STM32CubeIDE_2.2.0/STM32CubeIDE/plugins/com.st.stm32cube.ide.mcu.externaltools.gnu-tools-for-stm32.14.3.rel1.win32_1.0.100.202602081740/tools/bin/../lib/gcc/arm-none-eabi/14.3.1/../../../../arm-none-eabi/lib/thumb/v6-m/nofp\libc_nano.a(libc_a-reallocr.o)
                0x0800c956                _realloc_r
 .text._malloc_usable_size_r
                0x0800c9b6       0x10 C:/ST/STM32CubeIDE_2.2.0/STM32CubeIDE/plugins/com.st.stm32cube.ide.mcu.externaltools.gnu-tools-for-stm32.14.3.rel1.win32_1.0.100.202602081740/tools/bin/../lib/gcc/arm-none-eabi/14.3.1/../../../../arm-none-eabi/lib/thumb/v6-m/nofp\libc_nano.a(libc_a-msizer.o)
                0x0800c9b6                _malloc_usable_size_r
 *(.glue_7)
 .glue_7        0x0800c9c6        0x0 linker stubs
 *(.glue_7t)
 .glue_7t       0x0800c9c6        0x0 linker stubs
 *(.eh_frame)
 *fill*         0x0800c9c6        0x2 
 .eh_frame      0x0800c9c8        0x0 C:/ST/STM32CubeIDE_2.2.0/STM32CubeIDE/plugins/com.st.stm32cube.ide.mcu.externaltools.gnu-tools-for-stm32.14.3.rel1.win32_1.0.100.202602081740/tools/bin/../lib/gcc/arm-none-eabi/14.3.1/thumb/v6-m/nofp/crtbegin.o
 *(.init)
 .init          0x0800c9c8        0x4 C:/ST/STM32CubeIDE_2.2.0/STM32CubeIDE/plugins/com.st.stm32cube.ide.mcu.externaltools.gnu-tools-for-stm32.14.3.rel1.win32_1.0.100.202602081740/tools/bin/../lib/gcc/arm-none-eabi/14.3.1/thumb/v6-m/nofp/crti.o
                0x0800c9c8                _init
 .init          0x0800c9cc        0x8 C:/ST/STM32CubeIDE_2.2.0/STM32CubeIDE/plugins/com.st.stm32cube.ide.mcu.externaltools.gnu-tools-for-stm32.14.3.rel1.win32_1.0.100.202602081740/tools/bin/../lib/gcc/arm-none-eabi/14.3.1/thumb/v6-m/nofp/crtn.o
 *(.fini)
 .fini          0x0800c9d4        0x4 C:/ST/STM32CubeIDE_2.2.0/STM32CubeIDE/plugins/com.st.stm32cube.ide.mcu.externaltools.gnu-tools-for-stm32.14.3.rel1.win32_1.0.100.202602081740/tools/bin/../lib/gcc/arm-none-eabi/14.3.1/thumb/v6-m/nofp/crti.o
                0x0800c9d4                _fini
 .fini          0x0800c9d8        0x8 C:/ST/STM32CubeIDE_2.2.0/STM32CubeIDE/plugins/com.st.stm32cube.ide.mcu.externaltools.gnu-tools-for-stm32.14.3.rel1.win32_1.0.100.202602081740/tools/bin/../lib/gcc/arm-none-eabi/14.3.1/thumb/v6-m/nofp/crtn.o
                0x0800c9e0                        . = ALIGN (0x4)
                0x0800c9e0                        _etext = .

.vfp11_veneer   0x0800c9e0        0x0
 .vfp11_veneer  0x0800c9e0        0x0 linker stubs

.v4_bx          0x0800c9e0        0x0
 .v4_bx         0x0800c9e0        0x0 linker stubs

.iplt           0x0800c9e0        0x0
 .iplt          0x0800c9e0        0x0 C:/ST/STM32CubeIDE_2.2.0/STM32CubeIDE/plugins/com.st.stm32cube.ide.mcu.externaltools.gnu-tools-for-stm32.14.3.rel1.win32_1.0.100.202602081740/tools/bin/../lib/gcc/arm-none-eabi/14.3.1/thumb/v6-m/nofp/crtbegin.o

.rodata         0x0800c9e0      0x87c
                0x0800c9e0                        . = ALIGN (0x4)
 *(.rodata)
 .rodata        0x0800c9e0      0x63a ./Core/Src/main.o
 *fill*         0x0800d01a        0x2 
 .rodata        0x0800d01c       0x5b ./Core/Src/usbd_desc.o
 *(.rodata*)
 *fill*         0x0800d077        0x1 
 .rodata.AHBPrescTable
                0x0800d078       0x10 ./Core/Src/system_stm32f0xx.o
                0x0800d078                AHBPrescTable
 .rodata.APBPrescTable
                0x0800d088        0x8 ./Core/Src/system_stm32f0xx.o
                0x0800d088                APBPrescTable
 .rodata.USBD_StdDevReq
                0x0800d090       0x28 ./Core/Src/usbd_ctlreq.o
 .rodata.USBD_GetDescriptor
                0x0800d0b8       0x38 ./Core/Src/usbd_ctlreq.o
 .rodata.hUSBDDeviceDesc
                0x0800d0f0       0x12 ./Core/Src/usbd_desc.o
                0x0800d0f0                hUSBDDeviceDesc
 *fill*         0x0800d102        0x2 
 .rodata.USBD_LangIDDesc
                0x0800d104        0x4 ./Core/Src/usbd_desc.o
                0x0800d104                USBD_LangIDDesc
 .rodata.aPLLMULFactorTable.1
                0x0800d108       0x10 ./Drivers/STM32F0xx_HAL_Driver/Src/stm32f0xx_hal_rcc.o
 .rodata.aPredivFactorTable.0
                0x0800d118       0x10 ./Drivers/STM32F0xx_HAL_Driver/Src/stm32f0xx_hal_rcc.o
 .rodata._ctype_
                0x0800d128      0x101 C:/ST/STM32CubeIDE_2.2.0/STM32CubeIDE/plugins/com.st.stm32cube.ide.mcu.externaltools.gnu-tools-for-stm32.14.3.rel1.win32_1.0.100.202602081740/tools/bin/../lib/gcc/arm-none-eabi/14.3.1/../../../../arm-none-eabi/lib/thumb/v6-m/nofp\libc_nano.a(libc_a-ctype_.o)
                0x0800d128                _ctype_
 .rodata._svfprintf_r.str1.1
                0x0800d229       0x33 C:/ST/STM32CubeIDE_2.2.0/STM32CubeIDE/plugins/com.st.stm32cube.ide.mcu.externaltools.gnu-tools-for-stm32.14.3.rel1.win32_1.0.100.202602081740/tools/bin/../lib/gcc/arm-none-eabi/14.3.1/../../../../arm-none-eabi/lib/thumb/v6-m/nofp\libc_nano.a(libc_a-nano-svfprintf.o)
                                 0x11 (size before relaxing)
 .rodata._printf_i.str1.1
                0x0800d25c       0x22 C:/ST/STM32CubeIDE_2.2.0/STM32CubeIDE/plugins/com.st.stm32cube.ide.mcu.externaltools.gnu-tools-for-stm32.14.3.rel1.win32_1.0.100.202602081740/tools/bin/../lib/gcc/arm-none-eabi/14.3.1/../../../../arm-none-eabi/lib/thumb/v6-m/nofp\libc_nano.a(libc_a-nano-vfprintf_i.o)
                0x0800d280                        . = ALIGN (0x4)

.ARM.extab      0x0800d25c        0x0
                0x0800d25c                        . = ALIGN (0x4)
 *(.ARM.extab* .gnu.linkonce.armextab.*)
                0x0800d25c                        . = ALIGN (0x4)

.ARM            0x0800d25c        0x8
                0x0800d25c                        . = ALIGN (0x4)
                0x0800d25c                        __exidx_start = .
 *(.ARM.exidx*)
 .ARM.exidx     0x0800d25c        0x8 C:/ST/STM32CubeIDE_2.2.0/STM32CubeIDE/plugins/com.st.stm32cube.ide.mcu.externaltools.gnu-tools-for-stm32.14.3.rel1.win32_1.0.100.202602081740/tools/bin/../lib/gcc/arm-none-eabi/14.3.1/thumb/v6-m/nofp\libgcc.a(_divdi3.o)
                0x0800d264                        __exidx_end = .
                0x0800d264                        . = ALIGN (0x4)

.preinit_array  0x0800d264        0x0
                0x0800d264                        . = ALIGN (0x4)
                0x0800d264                        PROVIDE (__preinit_array_start = .)
 *(.preinit_array*)
                0x0800d264                        PROVIDE (__preinit_array_end = .)
                0x0800d264                        . = ALIGN (0x4)

.init_array     0x0800d264        0x4
                0x0800d264                        . = ALIGN (0x4)
                0x0800d264                        PROVIDE (__init_array_start = .)
 *(SORT_BY_NAME(.init_array.*))
 *(.init_array*)
 .init_array    0x0800d264        0x4 C:/ST/STM32CubeIDE_2.2.0/STM32CubeIDE/plugins/com.st.stm32cube.ide.mcu.externaltools.gnu-tools-for-stm32.14.3.rel1.win32_1.0.100.202602081740/tools/bin/../lib/gcc/arm-none-eabi/14.3.1/thumb/v6-m/nofp/crtbegin.o
                0x0800d268                        PROVIDE (__init_array_end = .)
                0x0800d268                        . = ALIGN (0x4)

.fini_array     0x0800d268        0x4
                0x0800d268                        . = ALIGN (0x4)
                [!provide]                        PROVIDE (__fini_array_start = .)
 *(SORT_BY_NAME(.fini_array.*))
 *(.fini_array*)
 .fini_array    0x0800d268        0x4 C:/ST/STM32CubeIDE_2.2.0/STM32CubeIDE/plugins/com.st.stm32cube.ide.mcu.externaltools.gnu-tools-for-stm32.14.3.rel1.win32_1.0.100.202602081740/tools/bin/../lib/gcc/arm-none-eabi/14.3.1/thumb/v6-m/nofp/crtbegin.o
                [!provide]                        PROVIDE (__fini_array_end = .)
                0x0800d26c                        . = ALIGN (0x4)
                0x0800d26c                        _sidata = LOADADDR (.data)

.rel.dyn        0x0800d26c        0x0
 .rel.iplt      0x0800d26c        0x0 C:/ST/STM32CubeIDE_2.2.0/STM32CubeIDE/plugins/com.st.stm32cube.ide.mcu.externaltools.gnu-tools-for-stm32.14.3.rel1.win32_1.0.100.202602081740/tools/bin/../lib/gcc/arm-none-eabi/14.3.1/thumb/v6-m/nofp/crtbegin.o

.data           0x20000000      0x1c4 load address 0x0800d26c
                0x20000000                        . = ALIGN (0x4)
                0x20000000                        _sdata = .
 *(.data)
 *(.data*)
 .data.stream_enabled
                0x20000000        0x1 ./Core/Src/main.o
 *fill*         0x20000001        0x3 
 .data.stream_interval_ms
                0x20000004        0x4 ./Core/Src/main.o
 .data.SystemCoreClock
                0x20000008        0x4 ./Core/Src/system_stm32f0xx.o
                0x20000008                SystemCoreClock
 .data.USBD_CDC_DeviceQualifierDesc
                0x2000000c        0xa ./Core/Src/usbd_cdc.o
 *fill*         0x20000016        0x2 
 .data.USBD_CDC
                0x20000018       0x38 ./Core/Src/usbd_cdc.o
                0x20000018                USBD_CDC
 .data.USBD_CDC_CfgHSDesc
                0x20000050       0x43 ./Core/Src/usbd_cdc.o
                0x20000050                USBD_CDC_CfgHSDesc
 *fill*         0x20000093        0x1 
 .data.USBD_CDC_CfgFSDesc
                0x20000094       0x43 ./Core/Src/usbd_cdc.o
                0x20000094                USBD_CDC_CfgFSDesc
 *fill*         0x200000d7        0x1 
 .data.USBD_CDC_OtherSpeedCfgDesc
                0x200000d8       0x43 ./Core/Src/usbd_cdc.o
                0x200000d8                USBD_CDC_OtherSpeedCfgDesc
 *fill*         0x2000011b        0x1 
 .data.line_coding
                0x2000011c        0x8 ./Core/Src/usbd_cdc_if.o
 .data.USBD_CDC_fops
                0x20000124       0x10 ./Core/Src/usbd_cdc_if.o
                0x20000124                USBD_CDC_fops
 .data.VCP_Desc
                0x20000134       0x1c ./Core/Src/usbd_desc.o
                0x20000134                VCP_Desc
 .data.USBD_StringSerial
                0x20000150       0x1a ./Core/Src/usbd_desc.o
                0x20000150                USBD_StringSerial
 *fill*         0x2000016a        0x2 
 .data.uwTickPrio
                0x2000016c        0x4 ./Drivers/STM32F0xx_HAL_Driver/Src/stm32f0xx_hal.o
                0x2000016c                uwTickPrio
 .data.uwTickFreq
                0x20000170        0x1 ./Drivers/STM32F0xx_HAL_Driver/Src/stm32f0xx_hal.o
                0x20000170                uwTickFreq
 *fill*         0x20000171        0x3 
 .data._impure_ptr
                0x20000174        0x4 C:/ST/STM32CubeIDE_2.2.0/STM32CubeIDE/plugins/com.st.stm32cube.ide.mcu.externaltools.gnu-tools-for-stm32.14.3.rel1.win32_1.0.100.202602081740/tools/bin/../lib/gcc/arm-none-eabi/14.3.1/../../../../arm-none-eabi/lib/thumb/v6-m/nofp\libc_nano.a(libc_a-impure.o)
                0x20000174                _impure_ptr
 .data._impure_data
                0x20000178       0x4c C:/ST/STM32CubeIDE_2.2.0/STM32CubeIDE/plugins/com.st.stm32cube.ide.mcu.externaltools.gnu-tools-for-stm32.14.3.rel1.win32_1.0.100.202602081740/tools/bin/../lib/gcc/arm-none-eabi/14.3.1/../../../../arm-none-eabi/lib/thumb/v6-m/nofp\libc_nano.a(libc_a-impure.o)
                0x20000178                _impure_data
 *(.RamFunc)
 *(.RamFunc*)
                0x200001c4                        . = ALIGN (0x4)
                0x200001c4                        _edata = .

.igot.plt       0x200001c4        0x0 load address 0x0800d430
 .igot.plt      0x200001c4        0x0 C:/ST/STM32CubeIDE_2.2.0/STM32CubeIDE/plugins/com.st.stm32cube.ide.mcu.externaltools.gnu-tools-for-stm32.14.3.rel1.win32_1.0.100.202602081740/tools/bin/../lib/gcc/arm-none-eabi/14.3.1/thumb/v6-m/nofp/crtbegin.o
                0x200001c4                        . = ALIGN (0x4)

.bss            0x200001c4     0x105c load address 0x0800d430
                0x200001c4                        _sbss = .
                0x200001c4                        __bss_start__ = _sbss
 *(.bss)
 .bss           0x200001c4       0x1c C:/ST/STM32CubeIDE_2.2.0/STM32CubeIDE/plugins/com.st.stm32cube.ide.mcu.externaltools.gnu-tools-for-stm32.14.3.rel1.win32_1.0.100.202602081740/tools/bin/../lib/gcc/arm-none-eabi/14.3.1/thumb/v6-m/nofp/crtbegin.o
 *(.bss*)
 .bss.hi2c1     0x200001e0       0x54 ./Core/Src/bme280_app.o
 .bss.bme_device
                0x20000234       0x40 ./Core/Src/bme280_app.o
 .bss.bme_context
                0x20000274        0x8 ./Core/Src/bme280_app.o
 .bss.bme_ready
                0x2000027c        0x1 ./Core/Src/bme280_app.o
 .bss.bme_available
                0x2000027d        0x1 ./Core/Src/main.o
 .bss.photo_available
                0x2000027e        0x1 ./Core/Src/main.o
 *fill*         0x2000027f        0x1 
 .bss.next_stream_ms
                0x20000280        0x4 ./Core/Src/main.o
 .bss.command_buffer
                0x20000284       0x40 ./Core/Src/main.o
 .bss.command_length
                0x200002c4        0x4 ./Core/Src/main.o
 .bss.hadc      0x200002c8       0x40 ./Core/Src/main.o
 .bss.neopixel_pwm
                0x20000308      0x1c0 ./Core/Src/main.o
 .bss.__sbrk_heap_end
                0x200004c8        0x4 ./Core/Src/sysmem.o
 .bss.hUsbDeviceFS
                0x200004cc      0x2c4 ./Core/Src/usb_device.o
                0x200004cc                hUsbDeviceFS
 .bss.usb_rx_packet
                0x20000790       0x40 ./Core/Src/usbd_cdc_if.o
 .bss.usb_rx_ring
                0x200007d0      0x100 ./Core/Src/usbd_cdc_if.o
 .bss.usb_tx_buffer
                0x200008d0      0x200 ./Core/Src/usbd_cdc_if.o
 .bss.usb_rx_head
                0x20000ad0        0x2 ./Core/Src/usbd_cdc_if.o
 .bss.usb_rx_tail
                0x20000ad2        0x2 ./Core/Src/usbd_cdc_if.o
 .bss.hpcd      0x20000ad4      0x2dc ./Core/Src/usbd_conf.o
                0x20000ad4                hpcd
 .bss.mem.0     0x20000db0      0x220 ./Core/Src/usbd_conf.o
 .bss.cfgidx.0  0x20000fd0        0x1 ./Core/Src/usbd_ctlreq.o
 *fill*         0x20000fd1        0x3 
 .bss.USBD_StrDesc
                0x20000fd4      0x100 ./Core/Src/usbd_desc.o
                0x20000fd4                USBD_StrDesc
 .bss.uwTick    0x200010d4        0x4 ./Drivers/STM32F0xx_HAL_Driver/Src/stm32f0xx_hal.o
                0x200010d4                uwTick
 .bss.__sf      0x200010d8      0x138 C:/ST/STM32CubeIDE_2.2.0/STM32CubeIDE/plugins/com.st.stm32cube.ide.mcu.externaltools.gnu-tools-for-stm32.14.3.rel1.win32_1.0.100.202602081740/tools/bin/../lib/gcc/arm-none-eabi/14.3.1/../../../../arm-none-eabi/lib/thumb/v6-m/nofp\libc_nano.a(libc_a-findfp.o)
                0x200010d8                __sf
 .bss.errno     0x20001210        0x4 C:/ST/STM32CubeIDE_2.2.0/STM32CubeIDE/plugins/com.st.stm32cube.ide.mcu.externaltools.gnu-tools-for-stm32.14.3.rel1.win32_1.0.100.202602081740/tools/bin/../lib/gcc/arm-none-eabi/14.3.1/../../../../arm-none-eabi/lib/thumb/v6-m/nofp\libc_nano.a(libc_a-reent.o)
                0x20001210                errno
 .bss.__lock___malloc_recursive_mutex
                0x20001214        0x1 C:/ST/STM32CubeIDE_2.2.0/STM32CubeIDE/plugins/com.st.stm32cube.ide.mcu.externaltools.gnu-tools-for-stm32.14.3.rel1.win32_1.0.100.202602081740/tools/bin/../lib/gcc/arm-none-eabi/14.3.1/../../../../arm-none-eabi/lib/thumb/v6-m/nofp\libc_nano.a(libc_a-lock.o)
                0x20001214                __lock___malloc_recursive_mutex
 *fill*         0x20001215        0x3 
 .bss.__malloc_sbrk_start
                0x20001218        0x4 C:/ST/STM32CubeIDE_2.2.0/STM32CubeIDE/plugins/com.st.stm32cube.ide.mcu.externaltools.gnu-tools-for-stm32.14.3.rel1.win32_1.0.100.202602081740/tools/bin/../lib/gcc/arm-none-eabi/14.3.1/../../../../arm-none-eabi/lib/thumb/v6-m/nofp\libc_nano.a(libc_a-mallocr.o)
                0x20001218                __malloc_sbrk_start
 .bss.__malloc_free_list
                0x2000121c        0x4 C:/ST/STM32CubeIDE_2.2.0/STM32CubeIDE/plugins/com.st.stm32cube.ide.mcu.externaltools.gnu-tools-for-stm32.14.3.rel1.win32_1.0.100.202602081740/tools/bin/../lib/gcc/arm-none-eabi/14.3.1/../../../../arm-none-eabi/lib/thumb/v6-m/nofp\libc_nano.a(libc_a-mallocr.o)
                0x2000121c                __malloc_free_list
 *(COMMON)
                0x20001220                        . = ALIGN (0x4)
                0x20001220                        _ebss = .
                0x20001220                        __bss_end__ = _ebss

._user_heap_stack
                0x20001220      0x600 load address 0x0800d430
                0x20001220                        . = ALIGN (0x8)
                [!provide]                        PROVIDE (end = .)
                0x20001220                        PROVIDE (_end = .)
                0x20001420                        . = (. + _Min_Heap_Size)
 *fill*         0x20001220      0x200 
                0x20001820                        . = (. + _Min_Stack_Size)
 *fill*         0x20001420      0x400 
                0x20001820                        . = ALIGN (0x8)

/DISCARD/
 libc.a(*)
 libm.a(*)
 libgcc.a(*)

.ARM.attributes
                0x00000000       0x28
 *(.ARM.attributes)
 .ARM.attributes
                0x00000000       0x1e C:/ST/STM32CubeIDE_2.2.0/STM32CubeIDE/plugins/com.st.stm32cube.ide.mcu.externaltools.gnu-tools-for-stm32.14.3.rel1.win32_1.0.100.202602081740/tools/bin/../lib/gcc/arm-none-eabi/14.3.1/thumb/v6-m/nofp/crti.o
 .ARM.attributes
                0x0000001e       0x2c C:/ST/STM32CubeIDE_2.2.0/STM32CubeIDE/plugins/com.st.stm32cube.ide.mcu.externaltools.gnu-tools-for-stm32.14.3.rel1.win32_1.0.100.202602081740/tools/bin/../lib/gcc/arm-none-eabi/14.3.1/thumb/v6-m/nofp/crtbegin.o
 .ARM.attributes
                0x0000004a       0x2c ./Core/Src/bme280.o
 .ARM.attributes
                0x00000076       0x2c ./Core/Src/bme280_app.o
 .ARM.attributes
                0x000000a2       0x2c ./Core/Src/main.o
 .ARM.attributes
                0x000000ce       0x2c ./Core/Src/stm32f0xx_hal_msp.o
 .ARM.attributes
                0x000000fa       0x2c ./Core/Src/stm32f0xx_it.o
 .ARM.attributes
                0x00000126       0x2c ./Core/Src/sysmem.o
 .ARM.attributes
                0x00000152       0x2c ./Core/Src/system_stm32f0xx.o
 .ARM.attributes
                0x0000017e       0x2c ./Core/Src/usb_device.o
 .ARM.attributes
                0x000001aa       0x2c ./Core/Src/usbd_cdc.o
 .ARM.attributes
                0x000001d6       0x2c ./Core/Src/usbd_cdc_if.o
 .ARM.attributes
                0x00000202       0x2c ./Core/Src/usbd_conf.o
 .ARM.attributes
                0x0000022e       0x2c ./Core/Src/usbd_core.o
 .ARM.attributes
                0x0000025a       0x2c ./Core/Src/usbd_ctlreq.o
 .ARM.attributes
                0x00000286       0x2c ./Core/Src/usbd_desc.o
 .ARM.attributes
                0x000002b2       0x2c ./Core/Src/usbd_ioreq.o
 .ARM.attributes
                0x000002de       0x21 ./Core/Startup/startup_stm32f072cbtx.o
 .ARM.attributes
                0x000002ff       0x2c ./Drivers/STM32F0xx_HAL_Driver/Src/stm32f0xx_hal.o
 .ARM.attributes
                0x0000032b       0x2c ./Drivers/STM32F0xx_HAL_Driver/Src/stm32f0xx_hal_adc.o
 .ARM.attributes
                0x00000357       0x2c ./Drivers/STM32F0xx_HAL_Driver/Src/stm32f0xx_hal_adc_ex.o
 .ARM.attributes
                0x00000383       0x2c ./Drivers/STM32F0xx_HAL_Driver/Src/stm32f0xx_hal_cortex.o
 .ARM.attributes
                0x000003af       0x2c ./Drivers/STM32F0xx_HAL_Driver/Src/stm32f0xx_hal_gpio.o
 .ARM.attributes
                0x000003db       0x2c ./Drivers/STM32F0xx_HAL_Driver/Src/stm32f0xx_hal_i2c.o
 .ARM.attributes
                0x00000407       0x2c ./Drivers/STM32F0xx_HAL_Driver/Src/stm32f0xx_hal_i2c_ex.o
 .ARM.attributes
                0x00000433       0x2c ./Drivers/STM32F0xx_HAL_Driver/Src/stm32f0xx_hal_pcd.o
 .ARM.attributes
                0x0000045f       0x2c ./Drivers/STM32F0xx_HAL_Driver/Src/stm32f0xx_hal_pcd_ex.o
 .ARM.attributes
                0x0000048b       0x2c ./Drivers/STM32F0xx_HAL_Driver/Src/stm32f0xx_hal_rcc.o
 .ARM.attributes
                0x000004b7       0x2c ./Drivers/STM32F0xx_HAL_Driver/Src/stm32f0xx_hal_rcc_ex.o
 .ARM.attributes
                0x000004e3       0x2c ./Drivers/STM32F0xx_HAL_Driver/Src/stm32f0xx_ll_usb.o
 .ARM.attributes
                0x0000050f       0x2c C:/ST/STM32CubeIDE_2.2.0/STM32CubeIDE/plugins/com.st.stm32cube.ide.mcu.externaltools.gnu-tools-for-stm32.14.3.rel1.win32_1.0.100.202602081740/tools/bin/../lib/gcc/arm-none-eabi/14.3.1/../../../../arm-none-eabi/lib/thumb/v6-m/nofp\libc_nano.a(libc_a-strtoul.o)
 .ARM.attributes
                0x0000053b       0x2c C:/ST/STM32CubeIDE_2.2.0/STM32CubeIDE/plugins/com.st.stm32cube.ide.mcu.externaltools.gnu-tools-for-stm32.14.3.rel1.win32_1.0.100.202602081740/tools/bin/../lib/gcc/arm-none-eabi/14.3.1/../../../../arm-none-eabi/lib/thumb/v6-m/nofp\libc_nano.a(libc_a-ctype_.o)
 .ARM.attributes
                0x00000567       0x2c C:/ST/STM32CubeIDE_2.2.0/STM32CubeIDE/plugins/com.st.stm32cube.ide.mcu.externaltools.gnu-tools-for-stm32.14.3.rel1.win32_1.0.100.202602081740/tools/bin/../lib/gcc/arm-none-eabi/14.3.1/../../../../arm-none-eabi/lib/thumb/v6-m/nofp\libc_nano.a(libc_a-findfp.o)
 .ARM.attributes
                0x00000593       0x2c C:/ST/STM32CubeIDE_2.2.0/STM32CubeIDE/plugins/com.st.stm32cube.ide.mcu.externaltools.gnu-tools-for-stm32.14.3.rel1.win32_1.0.100.202602081740/tools/bin/../lib/gcc/arm-none-eabi/14.3.1/../../../../arm-none-eabi/lib/thumb/v6-m/nofp\libc_nano.a(libc_a-snprintf.o)
 .ARM.attributes
                0x000005bf       0x2c C:/ST/STM32CubeIDE_2.2.0/STM32CubeIDE/plugins/com.st.stm32cube.ide.mcu.externaltools.gnu-tools-for-stm32.14.3.rel1.win32_1.0.100.202602081740/tools/bin/../lib/gcc/arm-none-eabi/14.3.1/../../../../arm-none-eabi/lib/thumb/v6-m/nofp\libc_nano.a(libc_a-memset.o)
 .ARM.attributes
                0x000005eb       0x2c C:/ST/STM32CubeIDE_2.2.0/STM32CubeIDE/plugins/com.st.stm32cube.ide.mcu.externaltools.gnu-tools-for-stm32.14.3.rel1.win32_1.0.100.202602081740/tools/bin/../lib/gcc/arm-none-eabi/14.3.1/../../../../arm-none-eabi/lib/thumb/v6-m/nofp\libc_nano.a(libc_a-strncmp.o)
 .ARM.attributes
                0x00000617       0x2c C:/ST/STM32CubeIDE_2.2.0/STM32CubeIDE/plugins/com.st.stm32cube.ide.mcu.externaltools.gnu-tools-for-stm32.14.3.rel1.win32_1.0.100.202602081740/tools/bin/../lib/gcc/arm-none-eabi/14.3.1/../../../../arm-none-eabi/lib/thumb/v6-m/nofp\libc_nano.a(libc_a-reent.o)
 .ARM.attributes
                0x00000643       0x2c C:/ST/STM32CubeIDE_2.2.0/STM32CubeIDE/plugins/com.st.stm32cube.ide.mcu.externaltools.gnu-tools-for-stm32.14.3.rel1.win32_1.0.100.202602081740/tools/bin/../lib/gcc/arm-none-eabi/14.3.1/../../../../arm-none-eabi/lib/thumb/v6-m/nofp\libc_nano.a(libc_a-impure.o)
 .ARM.attributes
                0x0000066f       0x2c C:/ST/STM32CubeIDE_2.2.0/STM32CubeIDE/plugins/com.st.stm32cube.ide.mcu.externaltools.gnu-tools-for-stm32.14.3.rel1.win32_1.0.100.202602081740/tools/bin/../lib/gcc/arm-none-eabi/14.3.1/../../../../arm-none-eabi/lib/thumb/v6-m/nofp\libc_nano.a(libc_a-errno.o)
 .ARM.attributes
                0x0000069b       0x2c C:/ST/STM32CubeIDE_2.2.0/STM32CubeIDE/plugins/com.st.stm32cube.ide.mcu.externaltools.gnu-tools-for-stm32.14.3.rel1.win32_1.0.100.202602081740/tools/bin/../lib/gcc/arm-none-eabi/14.3.1/../../../../arm-none-eabi/lib/thumb/v6-m/nofp\libc_nano.a(libc_a-init.o)
 .ARM.attributes
                0x000006c7       0x2c C:/ST/STM32CubeIDE_2.2.0/STM32CubeIDE/plugins/com.st.stm32cube.ide.mcu.externaltools.gnu-tools-for-stm32.14.3.rel1.win32_1.0.100.202602081740/tools/bin/../lib/gcc/arm-none-eabi/14.3.1/../../../../arm-none-eabi/lib/thumb/v6-m/nofp\libc_nano.a(libc_a-lock.o)
 .ARM.attributes
                0x000006f3       0x1c C:/ST/STM32CubeIDE_2.2.0/STM32CubeIDE/plugins/com.st.stm32cube.ide.mcu.externaltools.gnu-tools-for-stm32.14.3.rel1.win32_1.0.100.202602081740/tools/bin/../lib/gcc/arm-none-eabi/14.3.1/../../../../arm-none-eabi/lib/thumb/v6-m/nofp\libc_nano.a(libc_a-strcmp.o)
 .ARM.attributes
                0x0000070f       0x2c C:/ST/STM32CubeIDE_2.2.0/STM32CubeIDE/plugins/com.st.stm32cube.ide.mcu.externaltools.gnu-tools-for-stm32.14.3.rel1.win32_1.0.100.202602081740/tools/bin/../lib/gcc/arm-none-eabi/14.3.1/../../../../arm-none-eabi/lib/thumb/v6-m/nofp\libc_nano.a(libc_a-memcpy-stub.o)
 .ARM.attributes
                0x0000073b       0x1c C:/ST/STM32CubeIDE_2.2.0/STM32CubeIDE/plugins/com.st.stm32cube.ide.mcu.externaltools.gnu-tools-for-stm32.14.3.rel1.win32_1.0.100.202602081740/tools/bin/../lib/gcc/arm-none-eabi/14.3.1/../../../../arm-none-eabi/lib/thumb/v6-m/nofp\libc_nano.a(libc_a-strlen.o)
 .ARM.attributes
                0x00000757       0x2c C:/ST/STM32CubeIDE_2.2.0/STM32CubeIDE/plugins/com.st.stm32cube.ide.mcu.externaltools.gnu-tools-for-stm32.14.3.rel1.win32_1.0.100.202602081740/tools/bin/../lib/gcc/arm-none-eabi/14.3.1/../../../../arm-none-eabi/lib/thumb/v6-m/nofp\libc_nano.a(libc_a-freer.o)
 .ARM.attributes
                0x00000783       0x2c C:/ST/STM32CubeIDE_2.2.0/STM32CubeIDE/plugins/com.st.stm32cube.ide.mcu.externaltools.gnu-tools-for-stm32.14.3.rel1.win32_1.0.100.202602081740/tools/bin/../lib/gcc/arm-none-eabi/14.3.1/../../../../arm-none-eabi/lib/thumb/v6-m/nofp\libc_nano.a(libc_a-mallocr.o)
 .ARM.attributes
                0x000007af       0x2c C:/ST/STM32CubeIDE_2.2.0/STM32CubeIDE/plugins/com.st.stm32cube.ide.mcu.externaltools.gnu-tools-for-stm32.14.3.rel1.win32_1.0.100.202602081740/tools/bin/../lib/gcc/arm-none-eabi/14.3.1/../../../../arm-none-eabi/lib/thumb/v6-m/nofp\libc_nano.a(libc_a-mlock.o)
 .ARM.attributes
                0x000007db       0x2c C:/ST/STM32CubeIDE_2.2.0/STM32CubeIDE/plugins/com.st.stm32cube.ide.mcu.externaltools.gnu-tools-for-stm32.14.3.rel1.win32_1.0.100.202602081740/tools/bin/../lib/gcc/arm-none-eabi/14.3.1/../../../../arm-none-eabi/lib/thumb/v6-m/nofp\libc_nano.a(libc_a-nano-svfprintf.o)
 .ARM.attributes
                0x00000807       0x2c C:/ST/STM32CubeIDE_2.2.0/STM32CubeIDE/plugins/com.st.stm32cube.ide.mcu.externaltools.gnu-tools-for-stm32.14.3.rel1.win32_1.0.100.202602081740/tools/bin/../lib/gcc/arm-none-eabi/14.3.1/../../../../arm-none-eabi/lib/thumb/v6-m/nofp\libc_nano.a(libc_a-nano-vfprintf_i.o)
 .ARM.attributes
                0x00000833       0x2c C:/ST/STM32CubeIDE_2.2.0/STM32CubeIDE/plugins/com.st.stm32cube.ide.mcu.externaltools.gnu-tools-for-stm32.14.3.rel1.win32_1.0.100.202602081740/tools/bin/../lib/gcc/arm-none-eabi/14.3.1/../../../../arm-none-eabi/lib/thumb/v6-m/nofp\libc_nano.a(libc_a-memmove.o)
 .ARM.attributes
                0x0000085f       0x2c C:/ST/STM32CubeIDE_2.2.0/STM32CubeIDE/plugins/com.st.stm32cube.ide.mcu.externaltools.gnu-tools-for-stm32.14.3.rel1.win32_1.0.100.202602081740/tools/bin/../lib/gcc/arm-none-eabi/14.3.1/../../../../arm-none-eabi/lib/thumb/v6-m/nofp\libc_nano.a(libc_a-sbrkr.o)
 .ARM.attributes
                0x0000088b       0x2c C:/ST/STM32CubeIDE_2.2.0/STM32CubeIDE/plugins/com.st.stm32cube.ide.mcu.externaltools.gnu-tools-for-stm32.14.3.rel1.win32_1.0.100.202602081740/tools/bin/../lib/gcc/arm-none-eabi/14.3.1/../../../../arm-none-eabi/lib/thumb/v6-m/nofp\libc_nano.a(libc_a-memchr-stub.o)
 .ARM.attributes
                0x000008b7       0x2c C:/ST/STM32CubeIDE_2.2.0/STM32CubeIDE/plugins/com.st.stm32cube.ide.mcu.externaltools.gnu-tools-for-stm32.14.3.rel1.win32_1.0.100.202602081740/tools/bin/../lib/gcc/arm-none-eabi/14.3.1/../../../../arm-none-eabi/lib/thumb/v6-m/nofp\libc_nano.a(libc_a-reallocr.o)
 .ARM.attributes
                0x000008e3       0x2c C:/ST/STM32CubeIDE_2.2.0/STM32CubeIDE/plugins/com.st.stm32cube.ide.mcu.externaltools.gnu-tools-for-stm32.14.3.rel1.win32_1.0.100.202602081740/tools/bin/../lib/gcc/arm-none-eabi/14.3.1/../../../../arm-none-eabi/lib/thumb/v6-m/nofp\libc_nano.a(libc_a-msizer.o)
 .ARM.attributes
                0x0000090f       0x1e C:/ST/STM32CubeIDE_2.2.0/STM32CubeIDE/plugins/com.st.stm32cube.ide.mcu.externaltools.gnu-tools-for-stm32.14.3.rel1.win32_1.0.100.202602081740/tools/bin/../lib/gcc/arm-none-eabi/14.3.1/thumb/v6-m/nofp\libgcc.a(_thumb1_case_shi.o)
 .ARM.attributes
                0x0000092d       0x1e C:/ST/STM32CubeIDE_2.2.0/STM32CubeIDE/plugins/com.st.stm32cube.ide.mcu.externaltools.gnu-tools-for-stm32.14.3.rel1.win32_1.0.100.202602081740/tools/bin/../lib/gcc/arm-none-eabi/14.3.1/thumb/v6-m/nofp\libgcc.a(_udivsi3.o)
 .ARM.attributes
                0x0000094b       0x1e C:/ST/STM32CubeIDE_2.2.0/STM32CubeIDE/plugins/com.st.stm32cube.ide.mcu.externaltools.gnu-tools-for-stm32.14.3.rel1.win32_1.0.100.202602081740/tools/bin/../lib/gcc/arm-none-eabi/14.3.1/thumb/v6-m/nofp\libgcc.a(_dvmd_tls.o)
 .ARM.attributes
                0x00000969       0x1e C:/ST/STM32CubeIDE_2.2.0/STM32CubeIDE/plugins/com.st.stm32cube.ide.mcu.externaltools.gnu-tools-for-stm32.14.3.rel1.win32_1.0.100.202602081740/tools/bin/../lib/gcc/arm-none-eabi/14.3.1/thumb/v6-m/nofp\libgcc.a(_aeabi_ldivmod.o)
 .ARM.attributes
                0x00000987       0x2c C:/ST/STM32CubeIDE_2.2.0/STM32CubeIDE/plugins/com.st.stm32cube.ide.mcu.externaltools.gnu-tools-for-stm32.14.3.rel1.win32_1.0.100.202602081740/tools/bin/../lib/gcc/arm-none-eabi/14.3.1/thumb/v6-m/nofp\libgcc.a(_muldi3.o)
 .ARM.attributes
                0x000009b3       0x2c C:/ST/STM32CubeIDE_2.2.0/STM32CubeIDE/plugins/com.st.stm32cube.ide.mcu.externaltools.gnu-tools-for-stm32.14.3.rel1.win32_1.0.100.202602081740/tools/bin/../lib/gcc/arm-none-eabi/14.3.1/thumb/v6-m/nofp\libgcc.a(bpabi.o)
 .ARM.attributes
                0x000009df       0x2c C:/ST/STM32CubeIDE_2.2.0/STM32CubeIDE/plugins/com.st.stm32cube.ide.mcu.externaltools.gnu-tools-for-stm32.14.3.rel1.win32_1.0.100.202602081740/tools/bin/../lib/gcc/arm-none-eabi/14.3.1/thumb/v6-m/nofp\libgcc.a(_divdi3.o)
 .ARM.attributes
                0x00000a0b       0x1e C:/ST/STM32CubeIDE_2.2.0/STM32CubeIDE/plugins/com.st.stm32cube.ide.mcu.externaltools.gnu-tools-for-stm32.14.3.rel1.win32_1.0.100.202602081740/tools/bin/../lib/gcc/arm-none-eabi/14.3.1/thumb/v6-m/nofp\libgcc.a(_clzdi2.o)
 .ARM.attributes
                0x00000a29       0x1e C:/ST/STM32CubeIDE_2.2.0/STM32CubeIDE/plugins/com.st.stm32cube.ide.mcu.externaltools.gnu-tools-for-stm32.14.3.rel1.win32_1.0.100.202602081740/tools/bin/../lib/gcc/arm-none-eabi/14.3.1/thumb/v6-m/nofp\libgcc.a(_clzsi2.o)
 .ARM.attributes
                0x00000a47       0x1e C:/ST/STM32CubeIDE_2.2.0/STM32CubeIDE/plugins/com.st.stm32cube.ide.mcu.externaltools.gnu-tools-for-stm32.14.3.rel1.win32_1.0.100.202602081740/tools/bin/../lib/gcc/arm-none-eabi/14.3.1/thumb/v6-m/nofp/crtn.o
OUTPUT(astro_orient_CubeMX.elf elf32-littlearm)
LOAD linker stubs
LOAD C:/ST/STM32CubeIDE_2.2.0/STM32CubeIDE/plugins/com.st.stm32cube.ide.mcu.externaltools.gnu-tools-for-stm32.14.3.rel1.win32_1.0.100.202602081740/tools/bin/../lib/gcc/arm-none-eabi/14.3.1/../../../../arm-none-eabi/lib/thumb/v6-m/nofp\libc.a
LOAD C:/ST/STM32CubeIDE_2.2.0/STM32CubeIDE/plugins/com.st.stm32cube.ide.mcu.externaltools.gnu-tools-for-stm32.14.3.rel1.win32_1.0.100.202602081740/tools/bin/../lib/gcc/arm-none-eabi/14.3.1/../../../../arm-none-eabi/lib/thumb/v6-m/nofp\libm.a
LOAD C:/ST/STM32CubeIDE_2.2.0/STM32CubeIDE/plugins/com.st.stm32cube.ide.mcu.externaltools.gnu-tools-for-stm32.14.3.rel1.win32_1.0.100.202602081740/tools/bin/../lib/gcc/arm-none-eabi/14.3.1/thumb/v6-m/nofp\libgcc.a

.debug_info     0x00000000    0x12659
 .debug_info    0x00000000     0x10e1 ./Core/Src/bme280.o
 .debug_info    0x000010e1      0xef7 ./Core/Src/bme280_app.o
 .debug_info    0x00001fd8     0x159b ./Core/Src/main.o
 .debug_info    0x00003573      0x199 ./Core/Src/stm32f0xx_hal_msp.o
 .debug_info    0x0000370c      0x5f2 ./Core/Src/stm32f0xx_it.o
 .debug_info    0x00003cfe      0x168 ./Core/Src/sysmem.o
 .debug_info    0x00003e66      0x242 ./Core/Src/system_stm32f0xx.o
 .debug_info    0x000040a8      0x645 ./Core/Src/usb_device.o
 .debug_info    0x000046ed     0x1074 ./Core/Src/usbd_cdc.o
 .debug_info    0x00005761      0xa01 ./Core/Src/usbd_cdc_if.o
 .debug_info    0x00006162     0x158d ./Core/Src/usbd_conf.o
 .debug_info    0x000076ef      0xa52 ./Core/Src/usbd_core.o
 .debug_info    0x00008141      0x91c ./Core/Src/usbd_ctlreq.o
 .debug_info    0x00008a5d      0x445 ./Core/Src/usbd_desc.o
 .debug_info    0x00008ea2      0x6a0 ./Core/Src/usbd_ioreq.o
 .debug_info    0x00009542       0x30 ./Core/Startup/startup_stm32f072cbtx.o
 .debug_info    0x00009572      0x6c9 ./Drivers/STM32F0xx_HAL_Driver/Src/stm32f0xx_hal.o
 .debug_info    0x00009c3b      0xc6a ./Drivers/STM32F0xx_HAL_Driver/Src/stm32f0xx_hal_adc.o
 .debug_info    0x0000a8a5      0x571 ./Drivers/STM32F0xx_HAL_Driver/Src/stm32f0xx_hal_adc_ex.o
 .debug_info    0x0000ae16      0x6c5 ./Drivers/STM32F0xx_HAL_Driver/Src/stm32f0xx_hal_cortex.o
 .debug_info    0x0000b4db      0x5a6 ./Drivers/STM32F0xx_HAL_Driver/Src/stm32f0xx_hal_gpio.o
 .debug_info    0x0000ba81     0x20c5 ./Drivers/STM32F0xx_HAL_Driver/Src/stm32f0xx_hal_i2c.o
 .debug_info    0x0000db46      0x824 ./Drivers/STM32F0xx_HAL_Driver/Src/stm32f0xx_hal_i2c_ex.o
 .debug_info    0x0000e36a     0x161d ./Drivers/STM32F0xx_HAL_Driver/Src/stm32f0xx_hal_pcd.o
 .debug_info    0x0000f987      0x80a ./Drivers/STM32F0xx_HAL_Driver/Src/stm32f0xx_hal_pcd_ex.o
 .debug_info    0x00010191      0x83f ./Drivers/STM32F0xx_HAL_Driver/Src/stm32f0xx_hal_rcc.o
 .debug_info    0x000109d0      0x61c ./Drivers/STM32F0xx_HAL_Driver/Src/stm32f0xx_hal_rcc_ex.o
 .debug_info    0x00010fec     0x166d ./Drivers/STM32F0xx_HAL_Driver/Src/stm32f0xx_ll_usb.o

.debug_abbrev   0x00000000     0x3845
 .debug_abbrev  0x00000000      0x1b3 ./Core/Src/bme280.o
 .debug_abbrev  0x000001b3      0x25b ./Core/Src/bme280_app.o
 .debug_abbrev  0x0000040e      0x37c ./Core/Src/main.o
 .debug_abbrev  0x0000078a       0xc6 ./Core/Src/stm32f0xx_hal_msp.o
 .debug_abbrev  0x00000850      0x192 ./Core/Src/stm32f0xx_it.o
 .debug_abbrev  0x000009e2       0xbc ./Core/Src/sysmem.o
 .debug_abbrev  0x00000a9e      0x11c ./Core/Src/system_stm32f0xx.o
 .debug_abbrev  0x00000bba      0x189 ./Core/Src/usb_device.o
 .debug_abbrev  0x00000d43      0x2d3 ./Core/Src/usbd_cdc.o
 .debug_abbrev  0x00001016      0x2f4 ./Core/Src/usbd_cdc_if.o
 .debug_abbrev  0x0000130a      0x344 ./Core/Src/usbd_conf.o
 .debug_abbrev  0x0000164e      0x24a ./Core/Src/usbd_core.o
 .debug_abbrev  0x00001898      0x26b ./Core/Src/usbd_ctlreq.o
 .debug_abbrev  0x00001b03      0x1ca ./Core/Src/usbd_desc.o
 .debug_abbrev  0x00001ccd      0x192 ./Core/Src/usbd_ioreq.o
 .debug_abbrev  0x00001e5f       0x24 ./Core/Startup/startup_stm32f072cbtx.o
 .debug_abbrev  0x00001e83      0x213 ./Drivers/STM32F0xx_HAL_Driver/Src/stm32f0xx_hal.o
 .debug_abbrev  0x00002096      0x259 ./Drivers/STM32F0xx_HAL_Driver/Src/stm32f0xx_hal_adc.o
 .debug_abbrev  0x000022ef      0x181 ./Drivers/STM32F0xx_HAL_Driver/Src/stm32f0xx_hal_adc_ex.o
 .debug_abbrev  0x00002470      0x28c ./Drivers/STM32F0xx_HAL_Driver/Src/stm32f0xx_hal_cortex.o
 .debug_abbrev  0x000026fc      0x1cb ./Drivers/STM32F0xx_HAL_Driver/Src/stm32f0xx_hal_gpio.o
 .debug_abbrev  0x000028c7      0x261 ./Drivers/STM32F0xx_HAL_Driver/Src/stm32f0xx_hal_i2c.o
 .debug_abbrev  0x00002b28      0x1c3 ./Drivers/STM32F0xx_HAL_Driver/Src/stm32f0xx_hal_i2c_ex.o
 .debug_abbrev  0x00002ceb      0x2b9 ./Drivers/STM32F0xx_HAL_Driver/Src/stm32f0xx_hal_pcd.o
 .debug_abbrev  0x00002fa4      0x228 ./Drivers/STM32F0xx_HAL_Driver/Src/stm32f0xx_hal_pcd_ex.o
 .debug_abbrev  0x000031cc      0x28c ./Drivers/STM32F0xx_HAL_Driver/Src/stm32f0xx_hal_rcc.o
 .debug_abbrev  0x00003458      0x1a6 ./Drivers/STM32F0xx_HAL_Driver/Src/stm32f0xx_hal_rcc_ex.o
 .debug_abbrev  0x000035fe      0x247 ./Drivers/STM32F0xx_HAL_Driver/Src/stm32f0xx_ll_usb.o

.debug_aranges  0x00000000     0x1028
 .debug_aranges
                0x00000000      0x120 ./Core/Src/bme280.o
 .debug_aranges
                0x00000120       0x50 ./Core/Src/bme280_app.o
 .debug_aranges
                0x00000170       0xb0 ./Core/Src/main.o
 .debug_aranges
                0x00000220       0x20 ./Core/Src/stm32f0xx_hal_msp.o
 .debug_aranges
                0x00000240       0x48 ./Core/Src/stm32f0xx_it.o
 .debug_aranges
                0x00000288       0x20 ./Core/Src/sysmem.o
 .debug_aranges
                0x000002a8       0x28 ./Core/Src/system_stm32f0xx.o
 .debug_aranges
                0x000002d0       0x20 ./Core/Src/usb_device.o
 .debug_aranges
                0x000002f0       0x90 ./Core/Src/usbd_cdc.o
 .debug_aranges
                0x00000380       0x50 ./Core/Src/usbd_cdc_if.o
 .debug_aranges
                0x000003d0      0x108 ./Core/Src/usbd_conf.o
 .debug_aranges
                0x000004d8       0xb8 ./Core/Src/usbd_core.o
 .debug_aranges
                0x00000590       0x88 ./Core/Src/usbd_ctlreq.o
 .debug_aranges
                0x00000618       0x60 ./Core/Src/usbd_desc.o
 .debug_aranges
                0x00000678       0x50 ./Core/Src/usbd_ioreq.o
 .debug_aranges
                0x000006c8       0x28 ./Core/Startup/startup_stm32f072cbtx.o
 .debug_aranges
                0x000006f0       0xd0 ./Drivers/STM32F0xx_HAL_Driver/Src/stm32f0xx_hal.o
 .debug_aranges
                0x000007c0       0xf8 ./Drivers/STM32F0xx_HAL_Driver/Src/stm32f0xx_hal_adc.o
 .debug_aranges
                0x000008b8       0x20 ./Drivers/STM32F0xx_HAL_Driver/Src/stm32f0xx_hal_adc_ex.o
 .debug_aranges
                0x000008d8       0xc0 ./Drivers/STM32F0xx_HAL_Driver/Src/stm32f0xx_hal_cortex.o
 .debug_aranges
                0x00000998       0x58 ./Drivers/STM32F0xx_HAL_Driver/Src/stm32f0xx_hal_gpio.o
 .debug_aranges
                0x000009f0      0x2a0 ./Drivers/STM32F0xx_HAL_Driver/Src/stm32f0xx_hal_i2c.o
 .debug_aranges
                0x00000c90       0x48 ./Drivers/STM32F0xx_HAL_Driver/Src/stm32f0xx_hal_i2c_ex.o
 .debug_aranges
                0x00000cd8      0x138 ./Drivers/STM32F0xx_HAL_Driver/Src/stm32f0xx_hal_pcd.o
 .debug_aranges
                0x00000e10       0x58 ./Drivers/STM32F0xx_HAL_Driver/Src/stm32f0xx_hal_pcd_ex.o
 .debug_aranges
                0x00000e68       0x80 ./Drivers/STM32F0xx_HAL_Driver/Src/stm32f0xx_hal_rcc.o
 .debug_aranges
                0x00000ee8       0x78 ./Drivers/STM32F0xx_HAL_Driver/Src/stm32f0xx_hal_rcc_ex.o
 .debug_aranges
                0x00000f60       0xc8 ./Drivers/STM32F0xx_HAL_Driver/Src/stm32f0xx_ll_usb.o

.debug_rnglists
                0x00000000      0xc39
 .debug_rnglists
                0x00000000       0xe6 ./Core/Src/bme280.o
 .debug_rnglists
                0x000000e6       0x39 ./Core/Src/bme280_app.o
 .debug_rnglists
                0x0000011f       0x8d ./Core/Src/main.o
 .debug_rnglists
                0x000001ac       0x13 ./Core/Src/stm32f0xx_hal_msp.o
 .debug_rnglists
                0x000001bf       0x31 ./Core/Src/stm32f0xx_it.o
 .debug_rnglists
                0x000001f0       0x13 ./Core/Src/sysmem.o
 .debug_rnglists
                0x00000203       0x1a ./Core/Src/system_stm32f0xx.o
 .debug_rnglists
                0x0000021d       0x13 ./Core/Src/usb_device.o
 .debug_rnglists
                0x00000230       0x6b ./Core/Src/usbd_cdc.o
 .debug_rnglists
                0x0000029b       0x3a ./Core/Src/usbd_cdc_if.o
 .debug_rnglists
                0x000002d5       0xc3 ./Core/Src/usbd_conf.o
 .debug_rnglists
                0x00000398       0x89 ./Core/Src/usbd_core.o
 .debug_rnglists
                0x00000421       0x68 ./Core/Src/usbd_ctlreq.o
 .debug_rnglists
                0x00000489       0x44 ./Core/Src/usbd_desc.o
 .debug_rnglists
                0x000004cd       0x37 ./Core/Src/usbd_ioreq.o
 .debug_rnglists
                0x00000504       0x19 ./Core/Startup/startup_stm32f072cbtx.o
 .debug_rnglists
                0x0000051d       0x97 ./Drivers/STM32F0xx_HAL_Driver/Src/stm32f0xx_hal.o
 .debug_rnglists
                0x000005b4       0xc6 ./Drivers/STM32F0xx_HAL_Driver/Src/stm32f0xx_hal_adc.o
 .debug_rnglists
                0x0000067a       0x14 ./Drivers/STM32F0xx_HAL_Driver/Src/stm32f0xx_hal_adc_ex.o
 .debug_rnglists
                0x0000068e       0x8c ./Drivers/STM32F0xx_HAL_Driver/Src/stm32f0xx_hal_cortex.o
 .debug_rnglists
                0x0000071a       0x3f ./Drivers/STM32F0xx_HAL_Driver/Src/stm32f0xx_hal_gpio.o
 .debug_rnglists
                0x00000759      0x229 ./Drivers/STM32F0xx_HAL_Driver/Src/stm32f0xx_hal_i2c.o
 .debug_rnglists
                0x00000982       0x35 ./Drivers/STM32F0xx_HAL_Driver/Src/stm32f0xx_hal_i2c_ex.o
 .debug_rnglists
                0x000009b7       0xee ./Drivers/STM32F0xx_HAL_Driver/Src/stm32f0xx_hal_pcd.o
 .debug_rnglists
                0x00000aa5       0x3f ./Drivers/STM32F0xx_HAL_Driver/Src/stm32f0xx_hal_pcd_ex.o
 .debug_rnglists
                0x00000ae4       0x61 ./Drivers/STM32F0xx_HAL_Driver/Src/stm32f0xx_hal_rcc.o
 .debug_rnglists
                0x00000b45       0x5b ./Drivers/STM32F0xx_HAL_Driver/Src/stm32f0xx_hal_rcc_ex.o
 .debug_rnglists
                0x00000ba0       0x99 ./Drivers/STM32F0xx_HAL_Driver/Src/stm32f0xx_ll_usb.o

.debug_macro    0x00000000    0x1c4b6
 .debug_macro   0x00000000       0x91 ./Core/Src/bme280.o
 .debug_macro   0x00000091      0xaae ./Core/Src/bme280.o
 .debug_macro   0x00000b3f       0x22 ./Core/Src/bme280.o
 .debug_macro   0x00000b61       0x8e ./Core/Src/bme280.o
 .debug_macro   0x00000bef       0x51 ./Core/Src/bme280.o
 .debug_macro   0x00000c40      0x103 ./Core/Src/bme280.o
 .debug_macro   0x00000d43       0x6a ./Core/Src/bme280.o
 .debug_macro   0x00000dad      0x1df ./Core/Src/bme280.o
 .debug_macro   0x00000f8c      0x190 ./Core/Src/bme280.o
 .debug_macro   0x0000111c      0x27b ./Core/Src/bme280.o
 .debug_macro   0x00001397      0x214 ./Core/Src/bme280_app.o
 .debug_macro   0x000015ab      0x133 ./Core/Src/bme280_app.o
 .debug_macro   0x000016de       0x2e ./Core/Src/bme280_app.o
 .debug_macro   0x0000170c       0x22 ./Core/Src/bme280_app.o
 .debug_macro   0x0000172e       0x1c ./Core/Src/bme280_app.o
 .debug_macro   0x0000174a       0x22 ./Core/Src/bme280_app.o
 .debug_macro   0x0000176c       0xaf ./Core/Src/bme280_app.o
 .debug_macro   0x0000181b      0x391 ./Core/Src/bme280_app.o
 .debug_macro   0x00001bac     0xfe73 ./Core/Src/bme280_app.o
 .debug_macro   0x00011a1f       0x66 ./Core/Src/bme280_app.o
 .debug_macro   0x00011a85     0x34da ./Core/Src/bme280_app.o
 .debug_macro   0x00014f5f       0x55 ./Core/Src/bme280_app.o
 .debug_macro   0x00014fb4      0x946 ./Core/Src/bme280_app.o
 .debug_macro   0x000158fa      0x5f3 ./Core/Src/bme280_app.o
 .debug_macro   0x00015eed      0x1ae ./Core/Src/bme280_app.o
 .debug_macro   0x0001609b      0x1a7 ./Core/Src/bme280_app.o
 .debug_macro   0x00016242      0x1a7 ./Core/Src/bme280_app.o
 .debug_macro   0x000163e9      0x22c ./Core/Src/bme280_app.o
 .debug_macro   0x00016615       0x34 ./Core/Src/bme280_app.o
 .debug_macro   0x00016649       0x43 ./Core/Src/bme280_app.o
 .debug_macro   0x0001668c       0x28 ./Core/Src/bme280_app.o
 .debug_macro   0x000166b4      0x33d ./Core/Src/bme280_app.o
 .debug_macro   0x000169f1       0xd4 ./Core/Src/bme280_app.o
 .debug_macro   0x00016ac5       0xb0 ./Core/Src/bme280_app.o
 .debug_macro   0x00016b75      0x217 ./Core/Src/bme280_app.o
 .debug_macro   0x00016d8c      0x22c ./Core/Src/bme280_app.o
 .debug_macro   0x00016fb8       0x61 ./Core/Src/bme280_app.o
 .debug_macro   0x00017019       0xa5 ./Core/Src/bme280_app.o
 .debug_macro   0x000170be       0x73 ./Core/Src/bme280_app.o
 .debug_macro   0x00017131      0x22d ./Core/Src/bme280_app.o
 .debug_macro   0x0001735e       0x4c ./Core/Src/bme280_app.o
 .debug_macro   0x000173aa      0x16d ./Core/Src/bme280_app.o