../Core/Src/main.c:85:13:neopixel_timer_init	48	static
../Core/Src/main.c:122:13:neopixel_encode_byte	24	static
../Core/Src/main.c:133:13:neopixel_send_color	40	static
../Core/Src/main.c:203:13:neopixel_off	16	static
../Core/Src/main.c:208:16:photoresistor_init	40	static
../Core/Src/main.c:255:16:photoresistor_read_channel	16	static
../Core/Src/main.c:277:16:photoresistor_read_averages	32	static
../Core/Src/main.c:306:16:time_reached	16	static
../Core/Src/main.c:311:13:usb_send_status	248	static
../Core/Src/main.c:339:13:usb_send_measurement	536	static
../Core/Src/main.c:411:13:usb_send_response	440	static
../Core/Src/main.c:425:13:set_named_led	144	static
../Core/Src/main.c:437:13:process_led_command	56	static
../Core/Src/main.c:502:13:process_command	112	static
../Core/Src/main.c:599:13:process_usb_input	16	static
../Core/Src/main.c:636:5:main	16	static
../Core/Src/main.c:708:6:SystemClock_Config	144	static
../Core/Src/main.c:761:13:MX_GPIO_Init	48	static
../Core/Src/main.c:800:6:Error_Handler	8	static,ignoring_inline_asm
